=== START 2026-09-14 19:12:11 ===
CMD: /home/ubuntu/miniconda3/envs/lammap/bin/python scripts/execute_plan.py --command Cook_the_potato_and_put_it_in_the_Fridge_plans_09-09-2026-18-53-56
floor_no: 15
============================================================

Cook_the_potato_and_put_it_in_the_Fridge_plans_09-09-2026-18-53-56
No Breaks:  0
  Robot 0 initialized at corner: x=-2.75, z=0.00
  Robot 1 initialized at corner: x=-0.25, z=0.50
Going to  Potato|-01.80|+00.91|+00.52 {'x': -1.801037311553955, 'y': 0.9173721075057983, 'z': 0.5217834711074829}
Going to  Pan|-02.61|+00.90|+03.62 {'x': -2.6147637367248535, 'y': 0.9247980117797852, 'z': 3.551766872406006}
Reached:  Potato
PIcking:  Potato
Picking Up  Potato|-01.80|+00.91|+00.52 {'x': -1.801037311553955, 'y': 0.9173721075057983, 'z': 0.5217834711074829}
Going to  Knife|-01.36|+00.88|+00.50 {'x': -1.3175888061523438, 'y': 0.8819946646690369, 'z': 0.5123047232627869}
Reached:  Pan
PIcking:  Pan
Picking Up  Pan|-02.61|+00.90|+03.62 {'x': -2.6147637367248535, 'y': 0.9247980117797852, 'z': 3.551766872406006}
Going to  StoveBurner|-03.15|+00.96|+02.37 {'x': -3.148099899291992, 'y': 0.9483296871185303, 'z': 2.3742997646331787}
Reached:  StoveBurner
Going to  StoveKnob|-03.60|+01.11|+02.43 {'x': -3.5992958545684814, 'y': 1.111188530921936, 'z': 2.427400588989258}
StoveBurner_7911996a is full right now
Reached:  Knife
PIcking:  Knife
Picking Up  Knife|-01.36|+00.88|+00.50 {'x': -1.3175888061523438, 'y': 0.8819946646690369, 'z': 0.5123047232627869}
Going to  Potato|-01.80|+00.91|+00.52 {'x': -0.49446719884872437, 'y': 1.2468461990356445, 'z': 1.2512222528457642}
Reached:  Potato
Slicing:  Potato
Going to  Potato|-01.80|+00.91|+00.52 {'x': -1.8, 'y': 0.91, 'z': 0.52}
Reached:  StoveKnob
Switching On:  StoveKnob
Going to  StoveKnob|-03.60|+01.11|+02.43 {'x': -3.6, 'y': 1.11, 'z': 2.43}
InvalidOperationException: Agent hand has something in it already! Can't pick up anything else. trace:   at UnityStandardAssets.Characters.FirstPerson.PhysicsRemoteFPSAgentController.pickupObject (SimObjPhysics target, System.Boolean forceAction, System.Boolean manualInteract, System.Boolean markActionFinished) [0x0003c] in <40d6a6c54fa349fab67f7470c3432f83>:0 
  at UnityStandardAssets.Characters.FirstPerson.PhysicsRemoteFPSAgentController.PickupObject (System.String objectId, System.Boolean forceAction, System.Boolean manualInteract) [0x00009] in <40d6a6c54fa349fab67f7470c3432f83>:0 
  at (wrapper managed-to-native) System.Reflection.MonoMethod.InternalInvoke(System.Reflection.MonoMethod,object,object[],System.Exception&)
  at System.Reflection.MonoMethod.Invoke (System.Object obj, System.Reflection.BindingFlags invokeAttr, System.Reflection.Binder binder, System.Object[] parameters, System.Globalization.CultureInfo culture) [0x00032] in <695d1cc93cca45069c528c15c9fdd749>:0 
Reached:  StoveKnob|-03.60|+01.11|+02.43
Going to  StoveKnob|-03.60|+01.11|+02.02 {'x': -3.6, 'y': 1.11, 'z': 2.02}
Reached:  StoveKnob|-03.60|+01.11|+02.02
Going to  StoveKnob|-03.60|+01.11|+02.27 {'x': -3.6, 'y': 1.11, 'z': 2.27}
Reached:  Potato|-01.80|+00.91|+00.52
Going to  CounterTop|-03.38|+00.95|+03.34 {'x': -2.5739498138427734, 'y': 0.9122816920280457, 'z': 3.4951980113983154}
target object cannot be sliced if it is in the agent's hand
Reached:  StoveKnob|-03.60|+01.11|+02.27
Going to  StoveKnob|-03.60|+01.11|+01.87 {'x': -3.6, 'y': 1.11, 'z': 1.87}
Reached:  StoveKnob|-03.60|+01.11|+01.87
Reached:  CounterTop
Going to  Potato|-01.80|+00.91|+00.52 {'x': -2.738628625869751, 'y': 1.2468461990356445, 'z': 3.1626014709472656}
Reached:  Potato
PIcking:  Potato
Picking Up  Potato|-01.80|+00.91|+00.52 {'x': -2.7583422660827637, 'y': 1.2468461990356445, 'z': 3.0886571407318115}
Going to  Pan|-02.61|+00.90|+03.62 {'x': -2.7193284034729004, 'y': 1.2628178596496582, 'z': 1.0027403831481934}
Reached:  Pan
Going to  StoveKnob|-03.60|+01.11|+02.43 {'x': -3.5992958545684814, 'y': 1.111188530921936, 'z': 2.427400588989258}
Reached:  StoveKnob
Switching Off:  StoveKnob
Going to  Pan|-02.61|+00.90|+03.62 {'x': -2.564697027206421, 'y': 1.2628178596496582, 'z': 1.1115937232971191}
Reached:  Pan
PIcking:  Potato
Picking Up  Potato|-01.80|+00.91|+00.52 {'x': -2.5124192237854004, 'y': 1.3093575239181519, 'z': 1.0937294960021973}
Going to  Fridge|-00.44|+00.01|+04.00 {'x': -0.43213582038879395, 'y': 0.947960376739502, 'z': 3.9271628856658936}
Reached:  Fridge
Going to  Fridge|-00.44|+00.01|+04.00 {'x': -0.44, 'y': 0.01, 'z': 4.0}
Reached:  Fridge|-00.44|+00.01|+04.00
Going to  Fridge|-00.44|+00.01|+04.00 {'x': -0.44, 'y': 0.01, 'z': 4.0}
Reached:  Fridge|-00.44|+00.01|+04.00
[{'name': 'Fridge', 'contains': ['Potato'], 'state': None}, {'name': 'Potato', 'contains': [], 'state': 'COOKED'}]
  [GT] Fridge state=None contains=['Potato'] -> OK
  [GT] Potato state=COOKED contains=[] -> MISS
1 11 0
SR:0, TC:0, GCR:0.5, Exec:0.85, RU:1.1

=== END 2026-09-14 19:16:49 (exit=0) ===
