  Robot 0 initialized at corner: x=-2.75, z=0.00
  Robot 1 initialized at corner: x=-0.25, z=0.50
  Robot 2 initialized at corner: x=-2.75, z=3.00
Going to  Apple|-03.24|+00.97|+02.94 {'x': -3.2419326305389404, 'y': 0.9667205810546875, 'z': 2.951730251312256}
Going to  LightSwitch|+00.25|+01.38|+02.09 {'x': 0.23191595077514648, 'y': 1.3814234733581543, 'z': 2.0859999656677246}
Reached:  LightSwitch
Switching Off:  LightSwitch
Going to  LightSwitch|+00.25|+01.38|+02.09 {'x': 0.25, 'y': 1.38, 'z': 2.09}
Reached:  LightSwitch|+00.25|+01.38|+02.09
Reached:  Apple
PIcking:  Apple
Picking Up  Apple|-03.24|+00.97|+02.94 {'x': -3.2419326305389404, 'y': 0.9667205810546875, 'z': 2.951730251312256}
Going to  Fridge|-00.44|+00.01|+04.00 {'x': -0.43213582038879395, 'y': 0.947960376739502, 'z': 3.9271628856658936}
Reached:  Fridge
Going to  Fridge|-00.44|+00.01|+04.00 {'x': -0.44, 'y': 0.01, 'z': 4.0}
Reached:  Fridge|-00.44|+00.01|+04.00
Going to  Fridge|-00.44|+00.01|+04.00 {'x': -0.44, 'y': 0.01, 'z': 4.0}
Reached:  Fridge|-00.44|+00.01|+04.00
[{'name': 'Fridge', 'contains': ['Apple'], 'state': None}, {'name': 'LightSwitch', 'contains': [], 'state': 'OFF'}]
['Apple'] Fridge Fridge_3a5dc7cc
Apple Egg|-00.15|+01.01|+03.90
1 11 3
SR:0, TC:0, GCR:0.5, Exec:1.0, RU:0.8
Put_apple_in_fridge_and_switch_off_the_light_plans_09-09-2026-18-53-56
No Breaks:  3
QFontDatabase: Cannot find font directory /home/ubuntu/miniconda3/envs/lammap/lib/python3.9/site-packages/cv2/qt/fonts.
Note that Qt no longer ships fonts. Deploy some (from https://dejavu-fonts.github.io/ for example) or switch to fontconfig.
QFontDatabase: Cannot find font directory /home/ubuntu/miniconda3/envs/lammap/lib/python3.9/site-packages/cv2/qt/fonts.
Note that Qt no longer ships fonts. Deploy some (from https://dejavu-fonts.github.io/ for example) or switch to fontconfig.
QFontDatabase: Cannot find font directory /home/ubuntu/miniconda3/envs/lammap/lib/python3.9/site-packages/cv2/qt/fonts.
Note that Qt no longer ships fonts. Deploy some (from https://dejavu-fonts.github.io/ for example) or switch to fontconfig.
QFontDatabase: Cannot find font directory /home/ubuntu/miniconda3/envs/lammap/lib/python3.9/site-packages/cv2/qt/fonts.
Note that Qt no longer ships fonts. Deploy some (from https://dejavu-fonts.github.io/ for example) or switch to fontconfig.
QFontDatabase: Cannot find font directory /home/ubuntu/miniconda3/envs/lammap/lib/python3.9/site-packages/cv2/qt/fonts.
Note that Qt no longer ships fonts. Deploy some (from https://dejavu-fonts.github.io/ for example) or switch to fontconfig.
ffmpeg version 6.1.1-3ubuntu5 Copyright (c) 2000-2023 the FFmpeg developers
  built with gcc 13 (Ubuntu 13.2.0-23ubuntu3)
  configuration: --prefix=/usr --extra-version=3ubuntu5 --toolchain=hardened --libdir=/usr/lib/x86_64-linux-gnu --incdir=/usr/include/x86_64-linux-gnu --arch=amd64 --enable-gpl --disable-stripping --disable-omx --enable-gnutls --enable-libaom --enable-libass --enable-libbs2b --enable-libcaca --enable-libcdio --enable-libcodec2 --enable-libdav1d --enable-libflite --enable-libfontconfig --enable-libfreetype --enable-libfribidi --enable-libglslang --enable-libgme --enable-libgsm --enable-libharfbuzz --enable-libmp3lame --enable-libmysofa --enable-libopenjpeg --enable-libopenmpt --enable-libopus --enable-librubberband --enable-libshine --enable-libsnappy --enable-libsoxr --enable-libspeex --enable-libtheora --enable-libtwolame --enable-libvidstab --enable-libvorbis --enable-libvpx --enable-libwebp --enable-libx265 --enable-libxml2 --enable-libxvid --enable-libzimg --enable-openal --enable-opencl --enable-opengl --disable-sndio --enable-libvpl --disable-libmfx --enable-libdc1394 --enable-libdrm --enable-libiec61883 --enable-chromaprint --enable-frei0r --enable-ladspa --enable-libbluray --enable-libjack --enable-libpulse --enable-librabbitmq --enable-librist --enable-libsrt --enable-libssh --enable-libsvtav1 --enable-libx264 --enable-libzmq --enable-libzvbi --enable-lv2 --enable-sdl2 --enable-libplacebo --enable-librav1e --enable-pocketsphinx --enable-librsvg --enable-libjxl --enable-shared
  libavutil      58. 29.100 / 58. 29.100
  libavcodec     60. 31.102 / 60. 31.102
  libavformat    60. 16.100 / 60. 16.100
  libavdevice    60.  3.100 / 60.  3.100
  libavfilter     9. 12.100 /  9. 12.100
  libswscale      7.  5.100 /  7.  5.100
  libswresample   4. 12.100 /  4. 12.100
  libpostproc    57.  3.100 / 57.  3.100
Input #0, image2, from '/media/ubuntu/Student/gengzeyu/LaMMA-P/logs/Put_apple_in_fridge_and_switch_off_the_light_plans_09-09-2026-18-53-56/agent_2//img_%05d.png':
  Duration: 00:00:09.64, start: 0.000000, bitrate: N/A
  Stream #0:0: Video: png, rgb24(pc, gbr/unknown/unknown), 1000x1000, 25 fps, 25 tbr, 25 tbn
Stream mapping:
  Stream #0:0 -> #0:0 (png (native) -> h264 (libx264))
Press [q] to stop, [?] for help
[libx264 @ 0x60b2ae7bff80] using cpu capabilities: MMX2 SSE2Fast SSSE3 SSE4.2 AVX FMA3 BMI2 AVX2
[libx264 @ 0x60b2ae7bff80] profile High, level 3.2, 4:2:0, 8-bit
[libx264 @ 0x60b2ae7bff80] 264 - core 164 r3108 31e19f9 - H.264/MPEG-4 AVC codec - Copyleft 2003-2023 - http://www.videolan.org/x264.html - options: cabac=1 ref=3 deblock=1:0:0 analyse=0x3:0x113 me=hex subme=7 psy=1 psy_rd=1.00:0.00 mixed_ref=1 me_range=16 chroma_me=1 trellis=1 8x8dct=1 cqm=0 deadzone=21,11 fast_pskip=1 chroma_qp_offset=-2 threads=31 lookahead_threads=5 sliced_threads=0 nr=0 decimate=1 interlaced=0 bluray_compat=0 constrained_intra=0 bframes=3 b_pyramid=2 b_adapt=1 b_bias=0 direct=1 weightb=1 open_gop=0 weightp=2 keyint=250 keyint_min=25 scenecut=40 intra_refresh=0 rc_lookahead=40 rc=crf mbtree=1 crf=23.0 qcomp=0.60 qpmin=0 qpmax=69 qpstep=4 ip_ratio=1.40 aq=1:1.00
Output #0, mp4, to '/media/ubuntu/Student/gengzeyu/LaMMA-P/logs/Put_apple_in_fridge_and_switch_off_the_light_plans_09-09-2026-18-53-56/video_agent_2.mp4':
  Metadata:
    encoder         : Lavf60.16.100
  Stream #0:0: Video: h264 (avc1 / 0x31637661), yuv420p(tv, progressive), 1000x1000, q=2-31, 25 fps, 12800 tbn
    Metadata:
      encoder         : Lavc60.31.102 libx264
    Side data:
      cpb: bitrate max/min/avg: 0/0/0 buffer size: 0 vbv_delay: N/A
frame=    0 fps=0.0 q=0.0 size=       0kB time=N/A bitrate=N/A speed=N/A    
frame=    0 fps=0.0 q=28.0 size=       0kB time=-00:00:00.08 bitrate=  -0.0kbits/s speed=N/A    
frame=   90 fps= 86 q=28.0 size=    2304kB time=00:00:03.52 bitrate=5362.1kbits/s speed=3.36x    
[out#0/mp4 @ 0x60b2ae7bc1c0] video:3443kB audio:0kB subtitle:0kB other streams:0kB global headers:0kB muxing overhead: 0.092047%
frame=  241 fps=166 q=-1.0 Lsize=    3446kB time=00:00:09.52 bitrate=2965.2kbits/s speed=6.55x    
[libx264 @ 0x60b2ae7bff80] frame I:38    Avg QP:20.33  size: 63325
[libx264 @ 0x60b2ae7bff80] frame P:85    Avg QP:21.55  size:  8624
[libx264 @ 0x60b2ae7bff80] frame B:118   Avg QP:26.83  size:  3265
[libx264 @ 0x60b2ae7bff80] consecutive B-frames: 29.9% 10.8% 11.2% 48.1%
[libx264 @ 0x60b2ae7bff80] mb I  I16..4:  7.7% 67.3% 25.0%
[libx264 @ 0x60b2ae7bff80] mb P  I16..4:  1.2%  5.8%  3.1%  P16..4:  8.9%  2.7%  2.7%  0.0%  0.0%    skip:75.5%
[libx264 @ 0x60b2ae7bff80] mb B  I16..4:  0.2%  1.0%  1.0%  B16..8:  6.5%  1.8%  0.6%  direct: 0.7%  skip:88.2%  L0:47.8% L1:49.3% BI: 2.9%
[libx264 @ 0x60b2ae7bff80] 8x8 transform intra:64.4% inter:61.9%
[libx264 @ 0x60b2ae7bff80] coded y,uvDC,uvAC intra: 70.0% 55.3% 22.3% inter: 3.8% 2.5% 0.1%
[libx264 @ 0x60b2ae7bff80] i16 v,h,dc,p: 34% 23% 11% 32%
[libx264 @ 0x60b2ae7bff80] i8 v,h,dc,ddl,ddr,vr,hd,vl,hu: 20% 13% 24%  8%  7%  7%  6%  8%  7%
[libx264 @ 0x60b2ae7bff80] i4 v,h,dc,ddl,ddr,vr,hd,vl,hu: 30% 16% 16%  7%  7%  7%  5%  7%  5%
[libx264 @ 0x60b2ae7bff80] i8c dc,h,v,p: 61% 16% 20%  3%
[libx264 @ 0x60b2ae7bff80] Weighted P-Frames: Y:1.2% UV:1.2%
[libx264 @ 0x60b2ae7bff80] ref P L0: 62.3%  9.3% 19.8%  8.5%  0.0%
[libx264 @ 0x60b2ae7bff80] ref B L0: 82.0% 13.7%  4.3%
[libx264 @ 0x60b2ae7bff80] ref B L1: 93.9%  6.1%
[libx264 @ 0x60b2ae7bff80] kb/s:2925.05
ffmpeg version 6.1.1-3ubuntu5 Copyright (c) 2000-2023 the FFmpeg developers
  built with gcc 13 (Ubuntu 13.2.0-23ubuntu3)
  configuration: --prefix=/usr --extra-version=3ubuntu5 --toolchain=hardened --libdir=/usr/lib/x86_64-linux-gnu --incdir=/usr/include/x86_64-linux-gnu --arch=amd64 --enable-gpl --disable-stripping --disable-omx --enable-gnutls --enable-libaom --enable-libass --enable-libbs2b --enable-libcaca --enable-libcdio --enable-libcodec2 --enable-libdav1d --enable-libflite --enable-libfontconfig --enable-libfreetype --enable-libfribidi --enable-libglslang --enable-libgme --enable-libgsm --enable-libharfbuzz --enable-libmp3lame --enable-libmysofa --enable-libopenjpeg --enable-libopenmpt --enable-libopus --enable-librubberband --enable-libshine --enable-libsnappy --enable-libsoxr --enable-libspeex --enable-libtheora --enable-libtwolame --enable-libvidstab --enable-libvorbis --enable-libvpx --enable-libwebp --enable-libx265 --enable-libxml2 --enable-libxvid --enable-libzimg --enable-openal --enable-opencl --enable-opengl --disable-sndio --enable-libvpl --disable-libmfx --enable-libdc1394 --enable-libdrm --enable-libiec61883 --enable-chromaprint --enable-frei0r --enable-ladspa --enable-libbluray --enable-libjack --enable-libpulse --enable-librabbitmq --enable-librist --enable-libsrt --enable-libssh --enable-libsvtav1 --enable-libx264 --enable-libzmq --enable-libzvbi --enable-lv2 --enable-sdl2 --enable-libplacebo --enable-librav1e --enable-pocketsphinx --enable-librsvg --enable-libjxl --enable-shared
  libavutil      58. 29.100 / 58. 29.100
  libavcodec     60. 31.102 / 60. 31.102
  libavformat    60. 16.100 / 60. 16.100
  libavdevice    60.  3.100 / 60.  3.100
  libavfilter     9. 12.100 /  9. 12.100
  libswscale      7.  5.100 /  7.  5.100
  libswresample   4. 12.100 /  4. 12.100
  libpostproc    57.  3.100 / 57.  3.100
Input #0, image2, from '/media/ubuntu/Student/gengzeyu/LaMMA-P/logs/Put_apple_in_fridge_and_switch_off_the_light_plans_09-09-2026-18-53-56/top_view//img_%05d.png':
  Duration: 00:00:09.64, start: 0.000000, bitrate: N/A
  Stream #0:0: Video: png, rgb24(pc, gbr/unknown/unknown), 1000x1000, 25 fps, 25 tbr, 25 tbn
Stream mapping:
  Stream #0:0 -> #0:0 (png (native) -> h264 (libx264))
Press [q] to stop, [?] for help
[libx264 @ 0x651d1b106f80] using cpu capabilities: MMX2 SSE2Fast SSSE3 SSE4.2 AVX FMA3 BMI2 AVX2
[libx264 @ 0x651d1b106f80] profile High, level 3.2, 4:2:0, 8-bit
[libx264 @ 0x651d1b106f80] 264 - core 164 r3108 31e19f9 - H.264/MPEG-4 AVC codec - Copyleft 2003-2023 - http://www.videolan.org/x264.html - options: cabac=1 ref=3 deblock=1:0:0 analyse=0x3:0x113 me=hex subme=7 psy=1 psy_rd=1.00:0.00 mixed_ref=1 me_range=16 chroma_me=1 trellis=1 8x8dct=1 cqm=0 deadzone=21,11 fast_pskip=1 chroma_qp_offset=-2 threads=31 lookahead_threads=5 sliced_threads=0 nr=0 decimate=1 interlaced=0 bluray_compat=0 constrained_intra=0 bframes=3 b_pyramid=2 b_adapt=1 b_bias=0 direct=1 weightb=1 open_gop=0 weightp=2 keyint=250 keyint_min=25 scenecut=40 intra_refresh=0 rc_lookahead=40 rc=crf mbtree=1 crf=23.0 qcomp=0.60 qpmin=0 qpmax=69 qpstep=4 ip_ratio=1.40 aq=1:1.00
Output #0, mp4, to '/media/ubuntu/Student/gengzeyu/LaMMA-P/logs/Put_apple_in_fridge_and_switch_off_the_light_plans_09-09-2026-18-53-56/video_top_view.mp4':
  Metadata:
    encoder         : Lavf60.16.100
  Stream #0:0: Video: h264 (avc1 / 0x31637661), yuv420p(tv, progressive), 1000x1000, q=2-31, 25 fps, 12800 tbn
    Metadata:
      encoder         : Lavc60.31.102 libx264
    Side data:
      cpb: bitrate max/min/avg: 0/0/0 buffer size: 0 vbv_delay: N/A
frame=    0 fps=0.0 q=0.0 size=       0kB time=N/A bitrate=N/A speed=N/A    
frame=   43 fps=0.0 q=28.0 size=     256kB time=00:00:01.64 bitrate=1279.0kbits/s speed=3.12x    
[out#0/mp4 @ 0x651d1b1031c0] video:504kB audio:0kB subtitle:0kB other streams:0kB global headers:0kB muxing overhead: 0.723528%
frame=  241 fps=221 q=-1.0 Lsize=     508kB time=00:00:09.52 bitrate= 437.2kbits/s speed=8.71x    
[libx264 @ 0x651d1b106f80] frame I:1     Avg QP:17.10  size:219927
[libx264 @ 0x651d1b106f80] frame P:64    Avg QP:17.90  size:  3343
[libx264 @ 0x651d1b106f80] frame B:176   Avg QP:27.40  size:   465
[libx264 @ 0x651d1b106f80] consecutive B-frames:  1.2%  3.3%  2.5% 92.9%
[libx264 @ 0x651d1b106f80] mb I  I16..4:  4.3% 48.9% 46.9%
[libx264 @ 0x651d1b106f80] mb P  I16..4:  0.1%  0.8%  0.6%  P16..4:  3.7%  0.4%  0.4%  0.0%  0.0%    skip:94.0%
[libx264 @ 0x651d1b106f80] mb B  I16..4:  0.0%  0.0%  0.1%  B16..8:  1.6%  0.2%  0.1%  direct: 0.1%  skip:98.0%  L0:40.5% L1:57.1% BI: 2.4%
[libx264 @ 0x651d1b106f80] 8x8 transform intra:49.2% inter:59.5%
[libx264 @ 0x651d1b106f80] coded y,uvDC,uvAC intra: 90.2% 87.5% 68.0% inter: 0.7% 0.8% 0.1%
[libx264 @ 0x651d1b106f80] i16 v,h,dc,p: 28% 47%  3% 22%
[libx264 @ 0x651d1b106f80] i8 v,h,dc,ddl,ddr,vr,hd,vl,hu: 13% 11% 18% 10% 10%  9%  9% 10% 11%
[libx264 @ 0x651d1b106f80] i4 v,h,dc,ddl,ddr,vr,hd,vl,hu: 17% 14% 14%  9% 10%  9%  8%  9%  9%
[libx264 @ 0x651d1b106f80] i8c dc,h,v,p: 49% 21% 21%  8%
[libx264 @ 0x651d1b106f80] Weighted P-Frames: Y:0.0% UV:0.0%
[libx264 @ 0x651d1b106f80] ref P L0: 60.7% 11.6% 15.2% 12.5%
[libx264 @ 0x651d1b106f80] ref B L0: 81.6% 12.6%  5.9%
[libx264 @ 0x651d1b106f80] ref B L1: 90.3%  9.7%
[libx264 @ 0x651d1b106f80] kb/s:428.06
ffmpeg version 6.1.1-3ubuntu5 Copyright (c) 2000-2023 the FFmpeg developers
  built with gcc 13 (Ubuntu 13.2.0-23ubuntu3)
  configuration: --prefix=/usr --extra-version=3ubuntu5 --toolchain=hardened --libdir=/usr/lib/x86_64-linux-gnu --incdir=/usr/include/x86_64-linux-gnu --arch=amd64 --enable-gpl --disable-stripping --disable-omx --enable-gnutls --enable-libaom --enable-libass --enable-libbs2b --enable-libcaca --enable-libcdio --enable-libcodec2 --enable-libdav1d --enable-libflite --enable-libfontconfig --enable-libfreetype --enable-libfribidi --enable-libglslang --enable-libgme --enable-libgsm --enable-libharfbuzz --enable-libmp3lame --enable-libmysofa --enable-libopenjpeg --enable-libopenmpt --enable-libopus --enable-librubberband --enable-libshine --enable-libsnappy --enable-libsoxr --enable-libspeex --enable-libtheora --enable-libtwolame --enable-libvidstab --enable-libvorbis --enable-libvpx --enable-libwebp --enable-libx265 --enable-libxml2 --enable-libxvid --enable-libzimg --enable-openal --enable-opencl --enable-opengl --disable-sndio --enable-libvpl --disable-libmfx --enable-libdc1394 --enable-libdrm --enable-libiec61883 --enable-chromaprint --enable-frei0r --enable-ladspa --enable-libbluray --enable-libjack --enable-libpulse --enable-librabbitmq --enable-librist --enable-libsrt --enable-libssh --enable-libsvtav1 --enable-libx264 --enable-libzmq --enable-libzvbi --enable-lv2 --enable-sdl2 --enable-libplacebo --enable-librav1e --enable-pocketsphinx --enable-librsvg --enable-libjxl --enable-shared
  libavutil      58. 29.100 / 58. 29.100
  libavcodec     60. 31.102 / 60. 31.102
  libavformat    60. 16.100 / 60. 16.100
  libavdevice    60.  3.100 / 60.  3.100
  libavfilter     9. 12.100 /  9. 12.100
  libswscale      7.  5.100 /  7.  5.100
  libswresample   4. 12.100 /  4. 12.100
  libpostproc    57.  3.100 / 57.  3.100
Input #0, image2, from '/media/ubuntu/Student/gengzeyu/LaMMA-P/logs/Put_apple_in_fridge_and_switch_off_the_light_plans_09-09-2026-18-53-56/agent_3//img_%05d.png':
  Duration: 00:00:09.64, start: 0.000000, bitrate: N/A
  Stream #0:0: Video: png, rgb24(pc, gbr/unknown/unknown), 1000x1000, 25 fps, 25 tbr, 25 tbn
Stream mapping:
  Stream #0:0 -> #0:0 (png (native) -> h264 (libx264))
Press [q] to stop, [?] for help
[libx264 @ 0x5fa15423ff80] using cpu capabilities: MMX2 SSE2Fast SSSE3 SSE4.2 AVX FMA3 BMI2 AVX2
[libx264 @ 0x5fa15423ff80] profile High, level 3.2, 4:2:0, 8-bit
[libx264 @ 0x5fa15423ff80] 264 - core 164 r3108 31e19f9 - H.264/MPEG-4 AVC codec - Copyleft 2003-2023 - http://www.videolan.org/x264.html - options: cabac=1 ref=3 deblock=1:0:0 analyse=0x3:0x113 me=hex subme=7 psy=1 psy_rd=1.00:0.00 mixed_ref=1 me_range=16 chroma_me=1 trellis=1 8x8dct=1 cqm=0 deadzone=21,11 fast_pskip=1 chroma_qp_offset=-2 threads=31 lookahead_threads=5 sliced_threads=0 nr=0 decimate=1 interlaced=0 bluray_compat=0 constrained_intra=0 bframes=3 b_pyramid=2 b_adapt=1 b_bias=0 direct=1 weightb=1 open_gop=0 weightp=2 keyint=250 keyint_min=25 scenecut=40 intra_refresh=0 rc_lookahead=40 rc=crf mbtree=1 crf=23.0 qcomp=0.60 qpmin=0 qpmax=69 qpstep=4 ip_ratio=1.40 aq=1:1.00
Output #0, mp4, to '/media/ubuntu/Student/gengzeyu/LaMMA-P/logs/Put_apple_in_fridge_and_switch_off_the_light_plans_09-09-2026-18-53-56/video_agent_3.mp4':
  Metadata:
    encoder         : Lavf60.16.100
  Stream #0:0: Video: h264 (avc1 / 0x31637661), yuv420p(tv, progressive), 1000x1000, q=2-31, 25 fps, 12800 tbn
    Metadata:
      encoder         : Lavc60.31.102 libx264
    Side data:
      cpb: bitrate max/min/avg: 0/0/0 buffer size: 0 vbv_delay: N/A
frame=    0 fps=0.0 q=0.0 size=       0kB time=N/A bitrate=N/A speed=N/A    
frame=   49 fps=0.0 q=28.0 size=     256kB time=00:00:01.88 bitrate=1115.7kbits/s speed=3.57x    
[out#0/mp4 @ 0x5fa15423c1c0] video:623kB audio:0kB subtitle:0kB other streams:0kB global headers:0kB muxing overhead: 0.586629%
frame=  241 fps=231 q=-1.0 Lsize=     627kB time=00:00:09.52 bitrate= 539.6kbits/s speed=9.13x    
[libx264 @ 0x5fa15423ff80] frame I:1     Avg QP:17.07  size:167025
[libx264 @ 0x5fa15423ff80] frame P:61    Avg QP:16.85  size:  5363
[libx264 @ 0x5fa15423ff80] frame B:179   Avg QP:22.24  size:   802
[libx264 @ 0x5fa15423ff80] consecutive B-frames:  0.8%  0.0%  1.2% 97.9%
[libx264 @ 0x5fa15423ff80] mb I  I16..4:  4.3% 45.5% 50.2%
[libx264 @ 0x5fa15423ff80] mb P  I16..4:  0.4%  2.7%  1.6%  P16..4:  7.0%  0.9%  1.1%  0.0%  0.0%    skip:86.3%
[libx264 @ 0x5fa15423ff80] mb B  I16..4:  0.1%  0.3%  0.2%  B16..8:  2.6%  0.4%  0.1%  direct: 0.2%  skip:96.1%  L0:40.0% L1:58.1% BI: 2.0%
[libx264 @ 0x5fa15423ff80] 8x8 transform intra:54.5% inter:71.8%
[libx264 @ 0x5fa15423ff80] coded y,uvDC,uvAC intra: 67.5% 64.2% 40.4% inter: 1.4% 1.2% 0.1%
[libx264 @ 0x5fa15423ff80] i16 v,h,dc,p: 24% 38% 10% 28%
[libx264 @ 0x5fa15423ff80] i8 v,h,dc,ddl,ddr,vr,hd,vl,hu: 20% 12% 24%  6%  9% 11%  6%  7%  6%
[libx264 @ 0x5fa15423ff80] i4 v,h,dc,ddl,ddr,vr,hd,vl,hu: 27% 21% 14%  6%  7%  9%  6%  6%  5%
[libx264 @ 0x5fa15423ff80] i8c dc,h,v,p: 54% 19% 22%  5%
[libx264 @ 0x5fa15423ff80] Weighted P-Frames: Y:1.6% UV:1.6%
[libx264 @ 0x5fa15423ff80] ref P L0: 62.2%  8.7% 19.1%  9.9%  0.2%
[libx264 @ 0x5fa15423ff80] ref B L0: 83.2% 13.0%  3.8%
[libx264 @ 0x5fa15423ff80] ref B L1: 92.5%  7.5%
[libx264 @ 0x5fa15423ff80] kb/s:529.21
ffmpeg version 6.1.1-3ubuntu5 Copyright (c) 2000-2023 the FFmpeg developers
  built with gcc 13 (Ubuntu 13.2.0-23ubuntu3)
  configuration: --prefix=/usr --extra-version=3ubuntu5 --toolchain=hardened --libdir=/usr/lib/x86_64-linux-gnu --incdir=/usr/include/x86_64-linux-gnu --arch=amd64 --enable-gpl --disable-stripping --disable-omx --enable-gnutls --enable-libaom --enable-libass --enable-libbs2b --enable-libcaca --enable-libcdio --enable-libcodec2 --enable-libdav1d --enable-libflite --enable-libfontconfig --enable-libfreetype --enable-libfribidi --enable-libglslang --enable-libgme --enable-libgsm --enable-libharfbuzz --enable-libmp3lame --enable-libmysofa --enable-libopenjpeg --enable-libopenmpt --enable-libopus --enable-librubberband --enable-libshine --enable-libsnappy --enable-libsoxr --enable-libspeex --enable-libtheora --enable-libtwolame --enable-libvidstab --enable-libvorbis --enable-libvpx --enable-libwebp --enable-libx265 --enable-libxml2 --enable-libxvid --enable-libzimg --enable-openal --enable-opencl --enable-opengl --disable-sndio --enable-libvpl --disable-libmfx --enable-libdc1394 --enable-libdrm --enable-libiec61883 --enable-chromaprint --enable-frei0r --enable-ladspa --enable-libbluray --enable-libjack --enable-libpulse --enable-librabbitmq --enable-librist --enable-libsrt --enable-libssh --enable-libsvtav1 --enable-libx264 --enable-libzmq --enable-libzvbi --enable-lv2 --enable-sdl2 --enable-libplacebo --enable-librav1e --enable-pocketsphinx --enable-librsvg --enable-libjxl --enable-shared
  libavutil      58. 29.100 / 58. 29.100
  libavcodec     60. 31.102 / 60. 31.102
  libavformat    60. 16.100 / 60. 16.100
  libavdevice    60.  3.100 / 60.  3.100
  libavfilter     9. 12.100 /  9. 12.100
  libswscale      7.  5.100 /  7.  5.100
  libswresample   4. 12.100 /  4. 12.100
  libpostproc    57.  3.100 / 57.  3.100
Input #0, image2, from '/media/ubuntu/Student/gengzeyu/LaMMA-P/logs/Put_apple_in_fridge_and_switch_off_the_light_plans_09-09-2026-18-53-56/agent_1//img_%05d.png':
  Duration: 00:00:09.64, start: 0.000000, bitrate: N/A
  Stream #0:0: Video: png, rgb24(pc, gbr/unknown/unknown), 1000x1000, 25 fps, 25 tbr, 25 tbn
Stream mapping:
  Stream #0:0 -> #0:0 (png (native) -> h264 (libx264))
Press [q] to stop, [?] for help
[libx264 @ 0x636e491a5f80] using cpu capabilities: MMX2 SSE2Fast SSSE3 SSE4.2 AVX FMA3 BMI2 AVX2
[libx264 @ 0x636e491a5f80] profile High, level 3.2, 4:2:0, 8-bit
[libx264 @ 0x636e491a5f80] 264 - core 164 r3108 31e19f9 - H.264/MPEG-4 AVC codec - Copyleft 2003-2023 - http://www.videolan.org/x264.html - options: cabac=1 ref=3 deblock=1:0:0 analyse=0x3:0x113 me=hex subme=7 psy=1 psy_rd=1.00:0.00 mixed_ref=1 me_range=16 chroma_me=1 trellis=1 8x8dct=1 cqm=0 deadzone=21,11 fast_pskip=1 chroma_qp_offset=-2 threads=31 lookahead_threads=5 sliced_threads=0 nr=0 decimate=1 interlaced=0 bluray_compat=0 constrained_intra=0 bframes=3 b_pyramid=2 b_adapt=1 b_bias=0 direct=1 weightb=1 open_gop=0 weightp=2 keyint=250 keyint_min=25 scenecut=40 intra_refresh=0 rc_lookahead=40 rc=crf mbtree=1 crf=23.0 qcomp=0.60 qpmin=0 qpmax=69 qpstep=4 ip_ratio=1.40 aq=1:1.00
Output #0, mp4, to '/media/ubuntu/Student/gengzeyu/LaMMA-P/logs/Put_apple_in_fridge_and_switch_off_the_light_plans_09-09-2026-18-53-56/video_agent_1.mp4':
  Metadata:
    encoder         : Lavf60.16.100
  Stream #0:0: Video: h264 (avc1 / 0x31637661), yuv420p(tv, progressive), 1000x1000, q=2-31, 25 fps, 12800 tbn
    Metadata:
      encoder         : Lavc60.31.102 libx264
    Side data:
      cpb: bitrate max/min/avg: 0/0/0 buffer size: 0 vbv_delay: N/A
frame=    0 fps=0.0 q=0.0 size=       0kB time=N/A bitrate=N/A speed=N/A    
frame=   27 fps=0.0 q=28.0 size=     768kB time=00:00:01.00 bitrate=6291.8kbits/s speed= 1.9x    
frame=  101 fps= 97 q=28.0 size=    3072kB time=00:00:03.96 bitrate=6355.1kbits/s speed= 3.8x    
[out#0/mp4 @ 0x636e491a21c0] video:6375kB audio:0kB subtitle:0kB other streams:0kB global headers:0kB muxing overhead: 0.037637%
frame=  241 fps=134 q=-1.0 Lsize=    6377kB time=00:00:09.52 bitrate=5487.8kbits/s speed=5.31x    
[libx264 @ 0x636e491a5f80] frame I:39    Avg QP:21.03  size: 71210
[libx264 @ 0x636e491a5f80] frame P:169   Avg QP:24.11  size: 20273
[libx264 @ 0x636e491a5f80] frame B:33    Avg QP:24.36  size:  9819
[libx264 @ 0x636e491a5f80] consecutive B-frames: 78.0%  9.1%  6.2%  6.6%
[libx264 @ 0x636e491a5f80] mb I  I16..4:  7.9% 60.0% 32.1%
[libx264 @ 0x636e491a5f80] mb P  I16..4:  4.3% 28.3%  7.0%  P16..4: 15.1%  8.6%  4.4%  0.0%  0.0%    skip:32.3%
[libx264 @ 0x636e491a5f80] mb B  I16..4:  1.5%  4.5%  1.9%  B16..8: 14.2%  6.1%  2.9%  direct: 1.2%  skip:67.8%  L0:60.4% L1:37.1% BI: 2.5%
[libx264 @ 0x636e491a5f80] 8x8 transform intra:67.1% inter:67.7%
[libx264 @ 0x636e491a5f80] coded y,uvDC,uvAC intra: 53.4% 41.1% 15.5% inter: 17.1% 8.3% 0.0%
[libx264 @ 0x636e491a5f80] i16 v,h,dc,p: 39% 28% 14% 20%
[libx264 @ 0x636e491a5f80] i8 v,h,dc,ddl,ddr,vr,hd,vl,hu: 27% 11% 28%  6%  6%  6%  5%  6%  5%
[libx264 @ 0x636e491a5f80] i4 v,h,dc,ddl,ddr,vr,hd,vl,hu: 27% 20% 17%  6%  7%  8%  6%  5%  4%
[libx264 @ 0x636e491a5f80] i8c dc,h,v,p: 67% 15% 16%  2%
[libx264 @ 0x636e491a5f80] Weighted P-Frames: Y:6.5% UV:4.7%
[libx264 @ 0x636e491a5f80] ref P L0: 62.9% 13.3% 14.8%  8.7%  0.4%
[libx264 @ 0x636e491a5f80] ref B L0: 90.3%  9.3%  0.4%
[libx264 @ 0x636e491a5f80] ref B L1: 99.8%  0.2%
[libx264 @ 0x636e491a5f80] kb/s:5416.91
QObject::killTimer: Timers cannot be stopped from another thread
QObject::~QObject: Timers cannot be stopped from another thread
