=== START 2026-09-15 15:04:09 ===
CMD: /media/ubuntu/Student/anaconda3/envs/lammap/bin/python scripts/execute_plan.py --command Put_a_plate_of_slice_lettuce_into_the_microwave_plans_09-09-2026-18-24-43
floor_no: 6
============================================================

Put_a_plate_of_slice_lettuce_into_the_microwave_plans_09-09-2026-18-24-43
No Breaks:  1
  Robot 0 initialized at corner: x=-2.00, z=-1.50
  Robot 1 initialized at corner: x=1.00, z=-0.75
Going to  Knife|-00.64|+00.91|+01.62 {'x': -0.6178590059280396, 'y': 0.9067923426628113, 'z': 1.6430227756500244}
Reached:  Knife
PIcking:  Knife
Picking Up  Knife|-00.64|+00.91|+01.62 {'x': -0.6178590059280396, 'y': 0.9067923426628113, 'z': 1.6430227756500244}
Going to  Lettuce|+01.11|+00.83|-01.43 {'x': 1.1213102340698242, 'y': 0.8314238786697388, 'z': -1.4405661821365356}
Reached:  Lettuce
Slicing:  Lettuce
Going to  Lettuce|+01.11|+00.83|-01.43 {'x': 1.11, 'y': 0.83, 'z': -1.43}
Reached:  Lettuce|+01.11|+00.83|-01.43
Going to  CounterTop|-00.36|+00.95|+01.09 {'x': -0.34021228551864624, 'y': 0.9094499349594116, 'z': 1.0938019752502441}
Reached:  CounterTop
Going to  Lettuce|+01.11|+00.83|-01.43|LettuceSliced_0 {'x': 1.0973179340362549, 'y': 0.8232119083404541, 'z': -1.4028486013412476}
Reached:  Lettuce
PIcking:  Lettuce
Picking Up  Lettuce|+01.11|+00.83|-01.43|LettuceSliced_0 {'x': 1.0973179340362549, 'y': 0.8232119083404541, 'z': -1.4028486013412476}
Going to  Plate|-02.35|+00.90|+00.05 {'x': -2.3524301052093506, 'y': 0.9078962802886963, 'z': 0.052885644137859344}
Reached:  Plate
PIcking:  Plate
Picking Up  Plate|-02.35|+00.90|+00.05 {'x': -2.3524301052093506, 'y': 0.9078962802886963, 'z': 0.052885644137859344}
InvalidOperationException: Agent hand has something in it already! Can't pick up anything else. trace:   at UnityStandardAssets.Characters.FirstPerson.PhysicsRemoteFPSAgentController.pickupObject (SimObjPhysics target, System.Boolean forceAction, System.Boolean manualInteract, System.Boolean markActionFinished) [0x0003c] in <40d6a6c54fa349fab67f7470c3432f83>:0 
  at UnityStandardAssets.Characters.FirstPerson.PhysicsRemoteFPSAgentController.PickupObject (System.String objectId, System.Boolean forceAction, System.Boolean manualInteract) [0x00009] in <40d6a6c54fa349fab67f7470c3432f83>:0 
  at (wrapper managed-to-native) System.Reflection.MonoMethod.InternalInvoke(System.Reflection.MonoMethod,object,object[],System.Exception&)
  at System.Reflection.MonoMethod.Invoke (System.Object obj, System.Reflection.BindingFlags invokeAttr, System.Reflection.Binder binder, System.Object[] parameters, System.Globalization.CultureInfo culture) [0x00032] in <695d1cc93cca45069c528c15c9fdd749>:0 
Going to  CounterTop|-00.36|+00.95|+01.09 {'x': -0.34021228551864624, 'y': 0.9094499349594116, 'z': 1.0938019752502441}
Reached:  CounterTop
No valid positions to place object found
Going to  Plate|-02.35|+00.90|+00.05 {'x': -2.3524301052093506, 'y': 0.9078962802886963, 'z': 0.052885644137859344}
Reached:  Plate
PIcking:  Plate
Picking Up  Plate|-02.35|+00.90|+00.05 {'x': -2.3524301052093506, 'y': 0.9078962802886963, 'z': 0.052885644137859344}
Going to  Microwave|-02.58|+00.90|+02.44 {'x': -2.5842645168304443, 'y': 1.076263189315796, 'z': 2.441420555114746}
Reached:  Microwave
Going to  CounterTop|-00.36|+00.95|+01.09 {'x': -0.36, 'y': 0.95, 'z': 1.09}
Reached:  CounterTop|-00.36|+00.95|+01.09
CounterTop|-00.36|+00.95|+01.09 is not an Openable object
Target openable Receptacle is CLOSED, can't place if target is not open!
Going to  CounterTop|-00.36|+00.95|+01.09 {'x': -0.36, 'y': 0.95, 'z': 1.09}
Reached:  CounterTop|-00.36|+00.95|+01.09
CounterTop|-00.36|+00.95|+01.09 is not an Openable object
[{'name': 'Microwave', 'contains': ['Plate'], 'state': 'None'}]
  [GT] Microwave state=None contains=['Plate'] -> MISS
1 11 1
SR:0, TC:0, GCR:0.0, Exec:0.5454545454545454, RU:1.0
[image2 @ 0x5eddc711f980] Could not open file : /media/ubuntu/Student/gengzeyu/LaMMA-P/logs/Put_a_plate_of_slice_lettuce_into_the_microwave_plans_09-09-2026-18-24-43/agent_1//img_00000.png
[image2 @ 0x5eddc711f980] Could not find codec parameters for stream 0 (Video: png, none(pc)): unspecified size
Consider increasing the value for the 'analyzeduration' and 'probesize' options
Output file #0 does not contain any stream
[image2 @ 0x57931fa1c980] Could not open file : /media/ubuntu/Student/gengzeyu/LaMMA-P/logs/Put_a_plate_of_slice_lettuce_into_the_microwave_plans_09-09-2026-18-24-43/agent_2//img_00000.png
[image2 @ 0x57931fa1c980] Could not find codec parameters for stream 0 (Video: png, none(pc)): unspecified size
Consider increasing the value for the 'analyzeduration' and 'probesize' options
Output file #0 does not contain any stream
[image2 @ 0x5ec8e0f91980] Could not open file : /media/ubuntu/Student/gengzeyu/LaMMA-P/logs/Put_a_plate_of_slice_lettuce_into_the_microwave_plans_09-09-2026-18-24-43/top_view//img_00000.png
[image2 @ 0x5ec8e0f91980] Could not find codec parameters for stream 0 (Video: png, none(pc)): unspecified size
Consider increasing the value for the 'analyzeduration' and 'probesize' options
Output file #0 does not contain any stream

=== END 2026-09-15 15:07:16 (exit=0) ===
