=== START 2026-09-15 15:08:04 ===
CMD: /media/ubuntu/Student/anaconda3/envs/lammap/bin/python scripts/execute_plan.py --command Put_two_vegetables_in_the_fridge_parallely_plans_09-09-2026-11-28-49
floor_no: 21
============================================================

Put_two_vegetables_in_the_fridge_parallely_plans_09-09-2026-11-28-49
No Breaks:  1
  Robot 0 initialized at corner: x=-2.00, z=-2.75
  Robot 1 initialized at corner: x=0.75, z=-3.50
  Robot 2 initialized at corner: x=-2.00, z=0.00
  Robot 3 initialized at corner: x=0.25, z=0.00
Going to  Lettuce|-00.28|+00.97|+01.15 {'x': -0.28047120571136475, 'y': 0.9752742052078247, 'z': 1.1467573642730713}
Going to  Tomato|-01.65|+00.88|-01.14 {'x': -1.6469323635101318, 'y': 0.8766334056854248, 'z': -1.139109492301941}
Reached:  Lettuce
PIcking:  Lettuce
Picking Up  Lettuce|-00.28|+00.97|+01.15 {'x': -0.28047120571136475, 'y': 0.9752742052078247, 'z': 1.1467573642730713}
Going to  Fridge|+00.68|-00.03|-01.96 {'x': 0.6799988746643066, 'y': 0.8935573101043701, 'z': -1.9614769220352173}
Reached:  Tomato
PIcking:  Tomato
Picking Up  Tomato|-01.65|+00.88|-01.14 {'x': -1.6469323635101318, 'y': 0.8766334056854248, 'z': -1.139109492301941}
Going to  Fridge|+00.68|-00.03|-01.96 {'x': 0.6799988746643066, 'y': 0.8935573101043701, 'z': -1.9614769220352173}
InvalidOperationException: Agent hand has something in it already! Can't pick up anything else. trace:   at UnityStandardAssets.Characters.FirstPerson.PhysicsRemoteFPSAgentController.pickupObject (SimObjPhysics target, System.Boolean forceAction, System.Boolean manualInteract, System.Boolean markActionFinished) [0x0003c] in <40d6a6c54fa349fab67f7470c3432f83>:0 
  at UnityStandardAssets.Characters.FirstPerson.PhysicsRemoteFPSAgentController.PickupObject (System.String objectId, System.Boolean forceAction, System.Boolean manualInteract) [0x00009] in <40d6a6c54fa349fab67f7470c3432f83>:0 
  at (wrapper managed-to-native) System.Reflection.MonoMethod.InternalInvoke(System.Reflection.MonoMethod,object,object[],System.Exception&)
  at System.Reflection.MonoMethod.Invoke (System.Object obj, System.Reflection.BindingFlags invokeAttr, System.Reflection.Binder binder, System.Object[] parameters, System.Globalization.CultureInfo culture) [0x00032] in <695d1cc93cca45069c528c15c9fdd749>:0 
Reached:  Fridge
Going to  Fridge|+00.68|-00.03|-01.96 {'x': 0.68, 'y': -0.03, 'z': -1.96}
Reached:  Fridge
Going to  Fridge|+00.68|-00.03|-01.96 {'x': 0.68, 'y': -0.03, 'z': -1.96}
Reached:  Fridge|+00.68|-00.03|-01.96
Reached:  Fridge|+00.68|-00.03|-01.96
Going to  Fridge|+00.68|-00.03|-01.96 {'x': 0.68, 'y': -0.03, 'z': -1.96}
Going to  Fridge|+00.68|-00.03|-01.96 {'x': 0.68, 'y': -0.03, 'z': -1.96}
Reached:  Fridge|+00.68|-00.03|-01.96
Reached:  Fridge|+00.68|-00.03|-01.96
[{'name': 'Fridge', 'contains': ['Potato', 'Lettuce'], 'state': None}]
  [GT] Fridge state=None contains=['Potato', 'Lettuce'] -> MISS
1 11 1
SR:0, TC:0, GCR:0.0, Exec:0.5, RU:1.0
[image2 @ 0x5db2fb080980] Could not open file : /media/ubuntu/Student/gengzeyu/LaMMA-P/logs/Put_two_vegetables_in_the_fridge_parallely_plans_09-09-2026-11-28-49/agent_1//img_00000.png
[image2 @ 0x5db2fb080980] Could not find codec parameters for stream 0 (Video: png, none(pc)): unspecified size
Consider increasing the value for the 'analyzeduration' and 'probesize' options
Output file #0 does not contain any stream
[image2 @ 0x64a39f277980] Could not open file : /media/ubuntu/Student/gengzeyu/LaMMA-P/logs/Put_two_vegetables_in_the_fridge_parallely_plans_09-09-2026-11-28-49/agent_2//img_00000.png
[image2 @ 0x64a39f277980] Could not find codec parameters for stream 0 (Video: png, none(pc)): unspecified size
Consider increasing the value for the 'analyzeduration' and 'probesize' options
Output file #0 does not contain any stream
[image2 @ 0x5d724f9b5980] Could not open file : /media/ubuntu/Student/gengzeyu/LaMMA-P/logs/Put_two_vegetables_in_the_fridge_parallely_plans_09-09-2026-11-28-49/agent_3//img_00000.png
[image2 @ 0x5d724f9b5980] Could not find codec parameters for stream 0 (Video: png, none(pc)): unspecified size
Consider increasing the value for the 'analyzeduration' and 'probesize' options
Output file #0 does not contain any stream
[image2 @ 0x63ab71aa3980] Could not open file : /media/ubuntu/Student/gengzeyu/LaMMA-P/logs/Put_two_vegetables_in_the_fridge_parallely_plans_09-09-2026-11-28-49/agent_4//img_00000.png
[image2 @ 0x63ab71aa3980] Could not find codec parameters for stream 0 (Video: png, none(pc)): unspecified size
Consider increasing the value for the 'analyzeduration' and 'probesize' options
Output file #0 does not contain any stream
[image2 @ 0x62d1efbeb980] Could not open file : /media/ubuntu/Student/gengzeyu/LaMMA-P/logs/Put_two_vegetables_in_the_fridge_parallely_plans_09-09-2026-11-28-49/top_view//img_00000.png
[image2 @ 0x62d1efbeb980] Could not find codec parameters for stream 0 (Video: png, none(pc)): unspecified size
Consider increasing the value for the 'analyzeduration' and 'probesize' options
Output file #0 does not contain any stream
QObject::killTimer: Timers cannot be stopped from another thread
QObject::~QObject: Timers cannot be stopped from another thread

=== END 2026-09-15 15:10:01 (exit=0) ===
