=== START 2026-09-14 17:25:00 ===
CMD: /home/ubuntu/miniconda3/envs/lammap/bin/python scripts/execute_plan.py --command Put_apple_and_lettuce_in_the_Fridge_plans_09-09-2026-18-53-56
floor_no: 15
============================================================

Put_apple_and_lettuce_in_the_Fridge_plans_09-09-2026-18-53-56
No Breaks:  3
Traceback (most recent call last):
  File "/media/ubuntu/Student/gengzeyu/LaMMA-P/logs/Put_apple_and_lettuce_in_the_Fridge_plans_09-09-2026-18-53-56/executable_plan.py", line 59, in <module>
    c = Controller( height=1000, width=1000)
  File "/home/ubuntu/miniconda3/envs/lammap/lib/python3.9/site-packages/ai2thor/controller.py", line 518, in __init__
    self.start(
  File "/home/ubuntu/miniconda3/envs/lammap/lib/python3.9/site-packages/ai2thor/controller.py", line 1439, in start
    self.last_event = self.server.receive(timeout=self.server_start_timeout)
  File "/home/ubuntu/miniconda3/envs/lammap/lib/python3.9/site-packages/ai2thor/fifo_server.py", line 229, in receive
    metadata, files = self._recv_message(
  File "/home/ubuntu/miniconda3/envs/lammap/lib/python3.9/site-packages/ai2thor/fifo_server.py", line 140, in _recv_message
    self.server_pipe = open(self.server_pipe_path, "rb")
KeyboardInterrupt
Traceback (most recent call last):
  File "/media/ubuntu/Student/gengzeyu/LaMMA-P/scripts/execute_plan.py", line 97, in <module>
    subprocess.run(["python", ai_exec_file])
  File "/home/ubuntu/miniconda3/envs/lammap/lib/python3.9/subprocess.py", line 507, in run
    stdout, stderr = process.communicate(input, timeout=timeout)
  File "/home/ubuntu/miniconda3/envs/lammap/lib/python3.9/subprocess.py", line 1126, in communicate
    self.wait()
  File "/home/ubuntu/miniconda3/envs/lammap/lib/python3.9/subprocess.py", line 1189, in wait
    return self._wait(timeout=timeout)
  File "/home/ubuntu/miniconda3/envs/lammap/lib/python3.9/subprocess.py", line 1933, in _wait
    (pid, sts) = self._try_wait(0)
  File "/home/ubuntu/miniconda3/envs/lammap/lib/python3.9/subprocess.py", line 1891, in _try_wait
    (pid, sts) = os.waitpid(self.pid, wait_flags)
KeyboardInterrupt
