=== START 2026-09-14 19:22:02 ===
CMD: /home/ubuntu/miniconda3/envs/lammap/bin/python scripts/execute_plan.py --command put_mug_in_the_coffee_machine_and_switch_on_the_coffee_machine_plans_09-09-2026-18-53-56
floor_no: 15
============================================================

put_mug_in_the_coffee_machine_and_switch_on_the_coffee_machine_plans_09-09-2026-18-53-56
No Breaks:  1
  Robot 0 initialized at corner: x=-2.75, z=0.00
  Robot 1 initialized at corner: x=-0.25, z=0.50
  Robot 2 initialized at corner: x=-2.75, z=3.00
Going to  Mug|-03.38|+00.95|+03.27 {'x': -3.3805904388427734, 'y': 0.9970566034317017, 'z': 3.286339282989502}
Reached:  Mug
PIcking:  Mug
Picking Up  Mug|-03.38|+00.95|+03.27 {'x': -3.3805904388427734, 'y': 0.9970566034317017, 'z': 3.286339282989502}
Going to  CoffeeMachine|-03.55|+00.90|+03.27 {'x': -3.5159666538238525, 'y': 1.1329877376556396, 'z': 3.2748570442199707}
Reached:  CoffeeMachine
Switching On:  CoffeeMachine
Going to  CoffeeMachine|-03.55|+00.90|+03.27 {'x': -3.55, 'y': 0.9, 'z': 3.27}
Reached:  CoffeeMachine|-03.55|+00.90|+03.27
[{'name': 'CoffeeMachine', 'contains': ['Mug'], 'state': None}, {'name': 'Mug', 'contains': [], 'state': 'HOT'}]
  [GT] CoffeeMachine state=None contains=['Mug'] -> OK
  [GT] Mug state=HOT contains=[] -> OK
1 11 1
SR:1, TC:1, GCR:1.0, Exec:1.0, RU:1.0

[TIMEOUT] 超过 300秒，强制终止（可能导航死锁/转圈）

=== END 2026-09-14 19:27:07 (exit=-9) ===
