=== START 2026-09-15 13:31:22 ===
CMD: /media/ubuntu/Student/anaconda3/envs/lammap/bin/python scripts/execute_plan.py --command Slice_lettuce_and_put_in_fridge_plans_09-09-2026-19-08-31
floor_no: 21
============================================================

Slice_lettuce_and_put_in_fridge_plans_09-09-2026-19-08-31
No Breaks:  1
  Robot 0 initialized at corner: x=-2.00, z=-2.75
  Robot 1 initialized at corner: x=0.75, z=-3.50
  Robot 2 initialized at corner: x=-2.00, z=0.00
Going to  Knife|+00.74|+00.76|-00.19 {'x': 0.7141741514205933, 'y': 0.7575367093086243, 'z': -0.21821387112140656}
Reached:  Knife
PIcking:  Knife
Picking Up  Knife|+00.74|+00.76|-00.19 {'x': 0.7141741514205933, 'y': 0.7575367093086243, 'z': -0.21821387112140656}
Going to  Lettuce|-00.28|+00.97|+01.15 {'x': -0.28047120571136475, 'y': 0.9752742052078247, 'z': 1.1467573642730713}
Reached:  Lettuce
Slicing:  Lettuce
Going to  Lettuce|-00.28|+00.97|+01.15 {'x': -0.28, 'y': 0.97, 'z': 1.15}
Reached:  Lettuce|-00.28|+00.97|+01.15
Going to  CounterTop|+00.79|+00.92|-00.11 {'x': 0.8001425266265869, 'y': 0.8812419176101685, 'z': -0.41060352325439453}
Reached:  CounterTop
Going to  Lettuce|-00.28|+00.97|+01.15|LettuceSliced_0 {'x': -0.25255343317985535, 'y': 0.9576833248138428, 'z': 1.1830450296401978}
Reached:  Lettuce
PIcking:  Lettuce
Picking Up  Lettuce|-00.28|+00.97|+01.15|LettuceSliced_0 {'x': -0.25255343317985535, 'y': 0.9576833248138428, 'z': 1.1830450296401978}
Going to  Fridge|+00.68|-00.03|-01.96 {'x': 0.6799988746643066, 'y': 0.8935573101043701, 'z': -1.9614769220352173}
Reached:  Fridge
Going to  Fridge|+00.68|-00.03|-01.96 {'x': 0.68, 'y': -0.03, 'z': -1.96}
Reached:  Fridge|+00.68|-00.03|-01.96
Going to  Fridge|+00.68|-00.03|-01.96 {'x': 0.68, 'y': -0.03, 'z': -1.96}
Reached:  Fridge|+00.68|-00.03|-01.96
[{'name': 'Fridge', 'contains': ['lettuce'], 'state': 'None'}, {'name': 'Lettuce', 'contains': [], 'state': 'SLICED'}]
  [GT] Fridge state=None contains=['lettuce'] -> MISS
  [GT] Lettuce state=SLICED contains=[] -> OK
1 11 1
SR:0, TC:0, GCR:0.5, Exec:1.0, RU:1.0
[image2 @ 0x5b5b68600980] Could not open file : /media/ubuntu/Student/gengzeyu/LaMMA-P/logs/Slice_lettuce_and_put_in_fridge_plans_09-09-2026-19-08-31/agent_1//img_00000.png
[image2 @ 0x5b5b68600980] Could not find codec parameters for stream 0 (Video: png, none(pc)): unspecified size
Consider increasing the value for the 'analyzeduration' and 'probesize' options
Output file #0 does not contain any stream
[image2 @ 0x61a8d411b980] Could not open file : /media/ubuntu/Student/gengzeyu/LaMMA-P/logs/Slice_lettuce_and_put_in_fridge_plans_09-09-2026-19-08-31/agent_2//img_00000.png
[image2 @ 0x61a8d411b980] Could not find codec parameters for stream 0 (Video: png, none(pc)): unspecified size
Consider increasing the value for the 'analyzeduration' and 'probesize' options
Output file #0 does not contain any stream
[image2 @ 0x5670af494980] Could not open file : /media/ubuntu/Student/gengzeyu/LaMMA-P/logs/Slice_lettuce_and_put_in_fridge_plans_09-09-2026-19-08-31/agent_3//img_00000.png
[image2 @ 0x5670af494980] Could not find codec parameters for stream 0 (Video: png, none(pc)): unspecified size
Consider increasing the value for the 'analyzeduration' and 'probesize' options
Output file #0 does not contain any stream
[image2 @ 0x5aff61464980] Could not open file : /media/ubuntu/Student/gengzeyu/LaMMA-P/logs/Slice_lettuce_and_put_in_fridge_plans_09-09-2026-19-08-31/top_view//img_00000.png
[image2 @ 0x5aff61464980] Could not find codec parameters for stream 0 (Video: png, none(pc)): unspecified size
Consider increasing the value for the 'analyzeduration' and 'probesize' options
Output file #0 does not contain any stream
QObject::killTimer: Timers cannot be stopped from another thread
QObject::~QObject: Timers cannot be stopped from another thread

=== END 2026-09-15 13:32:35 (exit=0) ===
