=== START 2026-09-14 19:07:02 ===
CMD: /home/ubuntu/miniconda3/envs/lammap/bin/python scripts/execute_plan.py --command Slice_the_lettuce,_trash_the_mug_and_switch_off_the_light_plans_09-09-2026-18-53-56
floor_no: 15
============================================================

Slice_the_lettuce,_trash_the_mug_and_switch_off_the_light_plans_09-09-2026-18-53-56
No Breaks:  0
  Robot 0 initialized at corner: x=-2.75, z=0.00
  Robot 1 initialized at corner: x=-0.25, z=0.50
  Robot 2 initialized at corner: x=-2.75, z=3.00
Going to  Knife|-01.36|+00.88|+00.50 {'x': -1.3175888061523438, 'y': 0.8819946646690369, 'z': 0.5123047232627869}
Going to  Mug|-03.38|+00.95|+03.27 {'x': -3.3805904388427734, 'y': 0.9970566034317017, 'z': 3.286339282989502}
Going to  LightSwitch|+00.25|+01.38|+02.09 {'x': 0.23191595077514648, 'y': 1.3814234733581543, 'z': 2.0859999656677246}
Reached:  Knife
PIcking:  Knife
Picking Up  Knife|-01.36|+00.88|+00.50 {'x': -1.3175888061523438, 'y': 0.8819946646690369, 'z': 0.5123047232627869}
Going to  Lettuce|-01.67|+00.96|+00.10 {'x': -1.6635602712631226, 'y': 0.9659523367881775, 'z': 0.10285889357328415}
Reached:  LightSwitch
Switching Off:  LightSwitch
Going to  LightSwitch|+00.25|+01.38|+02.09 {'x': 0.25, 'y': 1.38, 'z': 2.09}
Reached:  LightSwitch|+00.25|+01.38|+02.09
Reached:  Mug
PIcking:  Mug
Picking Up  Mug|-03.38|+00.95|+03.27 {'x': -3.3805904388427734, 'y': 0.9970566034317017, 'z': 3.286339282989502}
Going to  GarbageCan|-01.19|-00.02|+03.79 {'x': -1.192556619644165, 'y': 0.29385143518447876, 'z': 3.787691593170166}
Reached:  Lettuce
Slicing:  Lettuce
Going to  Lettuce|-01.67|+00.96|+00.10 {'x': -1.67, 'y': 0.96, 'z': 0.1}
Reached:  Lettuce|-01.67|+00.96|+00.10
Going to  CounterTop|-03.38|+00.95|+03.34 {'x': -2.5739498138427734, 'y': 0.9122816920280457, 'z': 3.4951980113983154}
Reached:  GarbageCan
Reached:  CounterTop
[{'name': 'Lettuce', 'contains': [], 'state': 'SLICED'}, {'name': 'GarbageCan', 'contains': ['Mug'], 'state': None}, {'name': 'LightSwitch', 'contains': [], 'state': 'OFF'}]
  [GT] Lettuce state=SLICED contains=[] -> OK
  [GT] GarbageCan state=None contains=['Mug'] -> MISS
  [GT] LightSwitch state=OFF contains=[] -> OK
1 11 0
SR:0, TC:0, GCR:0.6666666666666666, Exec:1.0, RU:1.1

[TIMEOUT] 超过 300秒，强制终止（可能导航死锁/转圈）

=== END 2026-09-14 19:12:07 (exit=-9) ===
