=== START 2026-09-14 19:30:36 ===
CMD: /home/ubuntu/miniconda3/envs/lammap/bin/python scripts/execute_plan.py --command Slice_the_potato,_clean_the_plate,_and_put_potato_on_the_plate_plans_09-09-2026-18-53-56
floor_no: 15
============================================================

Slice_the_potato,_clean_the_plate,_and_put_potato_on_the_plate_plans_09-09-2026-18-53-56
No Breaks:  0
  Robot 0 initialized at corner: x=-2.75, z=0.00
  Robot 1 initialized at corner: x=-0.25, z=0.50
  Robot 2 initialized at corner: x=-2.75, z=3.00
Going to  Knife|-01.36|+00.88|+00.50 {'x': -1.3175888061523438, 'y': 0.8819946646690369, 'z': 0.5123047232627869}
Reached:  Knife
Going to  Plate|-03.01|+00.90|+03.68 {'x': -3.005998373031616, 'y': 0.9162968397140503, 'z': 3.675257444381714}
Reached:  Plate
PIcking:  Knife
Picking Up  Knife|-01.36|+00.88|+00.50 {'x': -1.3175888061523438, 'y': 0.8819946646690369, 'z': 0.5123047232627869}
PIcking:  Plate
Picking Up  Plate|-03.01|+00.90|+03.68 {'x': -3.005998373031616, 'y': 0.9162968397140503, 'z': 3.675257444381714}
Going to  Potato|-01.80|+00.91|+00.52 {'x': -1.801037311553955, 'y': 0.9173721075057983, 'z': 0.5217834711074829}
Reached:  Potato
Going to  Sink|-01.80|+00.92|+03.66 {'x': -1.791919469833374, 'y': 0.8456916809082031, 'z': 3.695793628692627}
Reached:  Sink
Slicing:  Potato
Going to  Potato|-01.80|+00.91|+00.52 {'x': -1.8, 'y': 0.91, 'z': 0.52}
Reached:  Potato|-01.80|+00.91|+00.52
Going to  Plate|-03.01|+00.90|+03.68 {'x': -3.01, 'y': 0.9, 'z': 3.68}
Reached:  Plate|-03.01|+00.90|+03.68
Going to  Potato|-01.80|+00.91|+00.52|PotatoSliced_0 {'x': -1.8140125274658203, 'y': 0.9137058258056641, 'z': 0.5407986640930176}
Reached:  Potato
PIcking:  Potato
Picking Up  Potato|-01.80|+00.91|+00.52|PotatoSliced_0 {'x': -1.8140125274658203, 'y': 0.9137058258056641, 'z': 0.5407986640930176}
InvalidOperationException: Agent hand has something in it already! Can't pick up anything else. trace:   at UnityStandardAssets.Characters.FirstPerson.PhysicsRemoteFPSAgentController.pickupObject (SimObjPhysics target, System.Boolean forceAction, System.Boolean manualInteract, System.Boolean markActionFinished) [0x0003c] in <40d6a6c54fa349fab67f7470c3432f83>:0 
  at UnityStandardAssets.Characters.FirstPerson.PhysicsRemoteFPSAgentController.PickupObject (System.String objectId, System.Boolean forceAction, System.Boolean manualInteract) [0x00009] in <40d6a6c54fa349fab67f7470c3432f83>:0 
  at (wrapper managed-to-native) System.Reflection.MonoMethod.InternalInvoke(System.Reflection.MonoMethod,object,object[],System.Exception&)
  at System.Reflection.MonoMethod.Invoke (System.Object obj, System.Reflection.BindingFlags invokeAttr, System.Reflection.Binder binder, System.Object[] parameters, System.Globalization.CultureInfo culture) [0x00032] in <695d1cc93cca45069c528c15c9fdd749>:0 
Going to  Plate|-03.01|+00.90|+03.68 {'x': -2.471475124359131, 'y': 1.2526360750198364, 'z': 3.183973550796509}
Reached:  Plate
[{'name': 'Potato', 'contains': [], 'state': 'SLICED'}]
  [GT] Potato state=SLICED contains=[] -> OK
1 11 0
SR:0, TC:1, GCR:1.0, Exec:0.8, RU:1.1
QObject::killTimer: Timers cannot be stopped from another thread
QObject::~QObject: Timers cannot be stopped from another thread

=== END 2026-09-14 19:32:49 (exit=0) ===
