=== START 2026-09-14 19:27:11 ===
CMD: /home/ubuntu/miniconda3/envs/lammap/bin/python scripts/execute_plan.py --command slice_the_lettuce_and_tomoate,_then_store_in_fridge_plans_09-09-2026-18-53-56
floor_no: 15
============================================================

slice_the_lettuce_and_tomoate,_then_store_in_fridge_plans_09-09-2026-18-53-56
No Breaks:  0
  Robot 0 initialized at corner: x=-2.75, z=0.00
  Robot 1 initialized at corner: x=-0.25, z=0.50
  Robot 2 initialized at corner: x=-2.75, z=3.00
Going to  Knife|-01.36|+00.88|+00.50 {'x': -1.3175888061523438, 'y': 0.8819946646690369, 'z': 0.5123047232627869}
Going to  Knife|-01.36|+00.88|+00.50 {'x': -1.3175888061523438, 'y': 0.8819946646690369, 'z': 0.5123047232627869}
Reached:  Knife
PIcking:  Knife
Picking Up  Knife|-01.36|+00.88|+00.50 {'x': -1.3175888061523438, 'y': 0.8819946646690369, 'z': 0.5123047232627869}
Going to  Tomato|-02.30|+00.96|+03.80 {'x': -2.2962563037872314, 'y': 0.9633769392967224, 'z': 3.7924163341522217}
Reached:  Knife
PIcking:  Knife
Picking Up  Knife|-01.36|+00.88|+00.50 {'x': -0.6074334979057312, 'y': 1.2389185428619385, 'z': 0.8599568605422974}
Going to  Lettuce|-01.67|+00.96|+00.10 {'x': -1.6634299755096436, 'y': 0.9659548997879028, 'z': 0.10284288972616196}
Reached:  Tomato
Slicing:  Tomato
Going to  Tomato|-02.30|+00.96|+03.80 {'x': -2.3, 'y': 0.96, 'z': 3.8}
Reached:  Lettuce
Slicing:  Lettuce
Going to  Lettuce|-01.67|+00.96|+00.10 {'x': -1.67, 'y': 0.96, 'z': 0.1}
Reached:  Tomato|-02.30|+00.96|+03.80
Going to  CounterTop|-03.38|+00.95|+03.34 {'x': -2.5739498138427734, 'y': 0.9122816920280457, 'z': 3.4951980113983154}
Reached:  CounterTop
Going to  Tomato|-02.30|+00.96|+03.80 {'x': -2.2962563037872314, 'y': 0.9633769392967224, 'z': 3.7924163341522217}
Reached:  Lettuce|-01.67|+00.96|+00.10
Going to  CounterTop|-03.38|+00.95|+03.34 {'x': -2.5739498138427734, 'y': 0.9122816920280457, 'z': 3.4951980113983154}
Reached:  Tomato
PIcking:  Tomato
Picking Up  Tomato|-02.30|+00.96|+03.80 {'x': -2.2962563037872314, 'y': 0.9633769392967224, 'z': 3.7924163341522217}
Going to  Fridge|-00.44|+00.01|+04.00 {'x': -0.43213582038879395, 'y': 0.947960376739502, 'z': 3.9271628856658936}
Reached:  Fridge
Going to  Fridge|-00.44|+00.01|+04.00 {'x': -0.44, 'y': 0.01, 'z': 4.0}
Reached:  Fridge|-00.44|+00.01|+04.00
Going to  Fridge|-00.44|+00.01|+04.00 {'x': -0.44, 'y': 0.01, 'z': 4.0}
Reached:  Fridge|-00.44|+00.01|+04.00
No valid positions to place object found
Reached:  CounterTop
Going to  Lettuce|-01.67|+00.96|+00.10|LettuceSliced_0 {'x': -1.7126309871673584, 'y': 0.9628865718841553, 'z': 0.16564765572547913}
Reached:  Lettuce
PIcking:  Lettuce
Picking Up  Lettuce|-01.67|+00.96|+00.10|LettuceSliced_0 {'x': -1.7126309871673584, 'y': 0.9628865718841553, 'z': 0.16564765572547913}
Going to  Fridge|-00.44|+00.01|+04.00 {'x': -0.43213582038879395, 'y': 0.947960376739502, 'z': 3.9271628856658936}
Reached:  Fridge
Going to  Fridge|-00.44|+00.01|+04.00 {'x': -0.44, 'y': 0.01, 'z': 4.0}
Reached:  Fridge|-00.44|+00.01|+04.00
Going to  Fridge|-00.44|+00.01|+04.00 {'x': -0.44, 'y': 0.01, 'z': 4.0}
Reached:  Fridge|-00.44|+00.01|+04.00
[{'name': 'Fridge', 'contains': ['Lettuce', 'Tomato'], 'state': 'Sliced'}]
  [GT] Fridge state=Sliced contains=['Lettuce', 'Tomato'] -> OK
1 11 0
SR:0, TC:1, GCR:1.0, Exec:0.9285714285714286, RU:1.1

=== END 2026-09-14 19:30:32 (exit=0) ===
