=== START 2026-09-15 13:30:02 ===
CMD: /media/ubuntu/Student/anaconda3/envs/lammap/bin/python scripts/execute_plan.py --command Slice_apple_and_throw_it_in_the_trash_plans_09-09-2026-11-28-49
floor_no: 21
============================================================

Slice_apple_and_throw_it_in_the_trash_plans_09-09-2026-11-28-49
No Breaks:  1
  Robot 0 initialized at corner: x=-2.00, z=-2.75
  Robot 1 initialized at corner: x=0.75, z=-3.50
  Robot 2 initialized at corner: x=-2.00, z=0.00
Going to  Knife|+00.74|+00.76|-00.19 {'x': 0.7141741514205933, 'y': 0.7575367093086243, 'z': -0.21821387112140656}
Reached:  Knife
PIcking:  Knife
Picking Up  Knife|+00.74|+00.76|-00.19 {'x': 0.7141741514205933, 'y': 0.7575367093086243, 'z': -0.21821387112140656}
Going to  Apple|-01.90|+00.87|-01.40 {'x': -1.8985345363616943, 'y': 0.8740527629852295, 'z': -1.398831844329834}
Reached:  Apple
Slicing:  Apple
Going to  Apple|-01.90|+00.87|-01.40 {'x': -1.9, 'y': 0.87, 'z': -1.4}
Reached:  Apple|-01.90|+00.87|-01.40
PIcking:  Apple
Picking Up  Apple|-01.90|+00.87|-01.40|AppleSliced_0 {'x': -1.9260666370391846, 'y': 0.8611754775047302, 'z': -1.367232084274292}
Going to  GarbageCan|-01.26|-00.03|-03.61 {'x': -1.2609970569610596, 'y': 0.2965203821659088, 'z': -3.61099910736084}
Reached:  GarbageCan
[{'name': 'Apple', 'contains': [], 'state': 'SLICED'}, {'name': 'GarbageCan', 'contains': ['Apple'], 'state': None}]
  [GT] Apple state=SLICED contains=[] -> OK
  [GT] GarbageCan state=None contains=['Apple'] -> OK
1 11 1
SR:1, TC:1, GCR:1.0, Exec:1.0, RU:1.0
[image2 @ 0x5d2a6d56a980] Could not open file : /media/ubuntu/Student/gengzeyu/LaMMA-P/logs/Slice_apple_and_throw_it_in_the_trash_plans_09-09-2026-11-28-49/agent_1//img_00000.png
[image2 @ 0x5d2a6d56a980] Could not find codec parameters for stream 0 (Video: png, none(pc)): unspecified size
Consider increasing the value for the 'analyzeduration' and 'probesize' options
Output file #0 does not contain any stream
[image2 @ 0x596b58634980] Could not open file : /media/ubuntu/Student/gengzeyu/LaMMA-P/logs/Slice_apple_and_throw_it_in_the_trash_plans_09-09-2026-11-28-49/agent_2//img_00000.png
[image2 @ 0x596b58634980] Could not find codec parameters for stream 0 (Video: png, none(pc)): unspecified size
Consider increasing the value for the 'analyzeduration' and 'probesize' options
Output file #0 does not contain any stream
[image2 @ 0x6250a64a3980] Could not open file : /media/ubuntu/Student/gengzeyu/LaMMA-P/logs/Slice_apple_and_throw_it_in_the_trash_plans_09-09-2026-11-28-49/agent_3//img_00000.png
[image2 @ 0x6250a64a3980] Could not find codec parameters for stream 0 (Video: png, none(pc)): unspecified size
Consider increasing the value for the 'analyzeduration' and 'probesize' options
Output file #0 does not contain any stream
[image2 @ 0x57f5d544b980] Could not open file : /media/ubuntu/Student/gengzeyu/LaMMA-P/logs/Slice_apple_and_throw_it_in_the_trash_plans_09-09-2026-11-28-49/top_view//img_00000.png
[image2 @ 0x57f5d544b980] Could not find codec parameters for stream 0 (Video: png, none(pc)): unspecified size
Consider increasing the value for the 'analyzeduration' and 'probesize' options
Output file #0 does not contain any stream
QObject::killTimer: Timers cannot be stopped from another thread
QObject::~QObject: Timers cannot be stopped from another thread

=== END 2026-09-15 13:31:20 (exit=0) ===
