=== START 2026-09-15 13:28:23 ===
CMD: /media/ubuntu/Student/anaconda3/envs/lammap/bin/python scripts/execute_plan.py --command Slice_apple_and_lettuce_parallelly,_and_throw_them_in_the_trash_plans_09-09-2026-19-08-31
floor_no: 21
============================================================

Slice_apple_and_lettuce_parallelly,_and_throw_them_in_the_trash_plans_09-09-2026-19-08-31
No Breaks:  1
  Robot 0 initialized at corner: x=-2.00, z=-2.75
  Robot 1 initialized at corner: x=0.75, z=-3.50
  Robot 2 initialized at corner: x=-2.00, z=0.00
Going to  Apple|-01.90|+00.87|-01.40 Going to  {'x': -1.8985345363616943, 'y': 0.8740527629852295, 'z': -1.398831844329834}
Lettuce|-00.28|+00.97|+01.15 {'x': -0.28047120571136475, 'y': 0.9752742052078247, 'z': 1.1467573642730713}
Reached:  Lettuce
PIcking:  Lettuce
Picking Up  Lettuce|-00.28|+00.97|+01.15 {'x': -0.28047120571136475, 'y': 0.9752742052078247, 'z': 1.1467573642730713}
Going to  Knife|+00.74|+00.76|-00.19 {'x': 0.7141741514205933, 'y': 0.7575367093086243, 'z': -0.21821387112140656}
Reached:  Knife
PIcking:  Knife
Picking Up  Knife|+00.74|+00.76|-00.19 {'x': 0.7141741514205933, 'y': 0.7575367093086243, 'z': -0.21821387112140656}
InvalidOperationException: Agent hand has something in it already! Can't pick up anything else. trace:   at UnityStandardAssets.Characters.FirstPerson.PhysicsRemoteFPSAgentController.pickupObject (SimObjPhysics target, System.Boolean forceAction, System.Boolean manualInteract, System.Boolean markActionFinished) [0x0003c] in <40d6a6c54fa349fab67f7470c3432f83>:0 
  at UnityStandardAssets.Characters.FirstPerson.PhysicsRemoteFPSAgentController.PickupObject (System.String objectId, System.Boolean forceAction, System.Boolean manualInteract) [0x00009] in <40d6a6c54fa349fab67f7470c3432f83>:0 
  at (wrapper managed-to-native) System.Reflection.MonoMethod.InternalInvoke(System.Reflection.MonoMethod,object,object[],System.Exception&)
  at System.Reflection.MonoMethod.Invoke (System.Object obj, System.Reflection.BindingFlags invokeAttr, System.Reflection.Binder binder, System.Object[] parameters, System.Globalization.CultureInfo culture) [0x00032] in <695d1cc93cca45069c528c15c9fdd749>:0 
Going to  Lettuce|-00.28|+00.97|+01.15 {'x': 0.4242214858531952, 'y': 1.194244384765625, 'z': -0.11144652962684631}
Reached:  Lettuce
Slicing:  Lettuce
Going to  Lettuce|-00.28|+00.97|+01.15 {'x': -0.28, 'y': 0.97, 'z': 1.15}
Reached:  Apple
PIcking:  Apple
Picking Up  Apple|-01.90|+00.87|-01.40 {'x': -1.8988089561462402, 'y': 0.8740744590759277, 'z': -1.399025559425354}
Going to  Knife|+00.74|+00.76|-00.19 {'x': 0.7141741514205933, 'y': 0.7575367093086243, 'z': -0.21821387112140656}
Reached:  Lettuce|-00.28|+00.97|+01.15
target object cannot be sliced if it is in the agent's hand
Going to  CounterTop|+00.79|+00.92|-00.11 {'x': 0.8001425266265869, 'y': 0.8812419176101685, 'z': -0.41060352325439453}
Reached:  Knife
PIcking:  Knife
Picking Up  Knife|+00.74|+00.76|-00.19 {'x': 0.7141741514205933, 'y': 0.7575367093086243, 'z': -0.21821387112140656}
InvalidOperationException: Agent hand has something in it already! Can't pick up anything else. trace:   at UnityStandardAssets.Characters.FirstPerson.PhysicsRemoteFPSAgentController.pickupObject (SimObjPhysics target, System.Boolean forceAction, System.Boolean manualInteract, System.Boolean markActionFinished) [0x0003c] in <40d6a6c54fa349fab67f7470c3432f83>:0 
  at UnityStandardAssets.Characters.FirstPerson.PhysicsRemoteFPSAgentController.PickupObject (System.String objectId, System.Boolean forceAction, System.Boolean manualInteract) [0x00009] in <40d6a6c54fa349fab67f7470c3432f83>:0 
  at (wrapper managed-to-native) System.Reflection.MonoMethod.InternalInvoke(System.Reflection.MonoMethod,object,object[],System.Exception&)
  at System.Reflection.MonoMethod.Invoke (System.Object obj, System.Reflection.BindingFlags invokeAttr, System.Reflection.Binder binder, System.Object[] parameters, System.Globalization.CultureInfo culture) [0x00032] in <695d1cc93cca45069c528c15c9fdd749>:0 
Going to  Apple|-01.90|+00.87|-01.40 {'x': 0.45251524448394775, 'y': 1.187961220741272, 'z': -0.26386189460754395}
Reached:  Apple
Slicing:  Apple
Going to  Apple|-01.90|+00.87|-01.40 {'x': -1.9, 'y': 0.87, 'z': -1.4}
Reached:  CounterTop
Going to  Lettuce|-00.28|+00.97|+01.15 {'x': 0.8764640092849731, 'y': 0.964388906955719, 'z': -0.1753266602754593}
Reached:  Apple|-01.90|+00.87|-01.40
target object cannot be sliced if it is in the agent's hand
Reached:  Lettuce
PIcking:  Lettuce
Picking Up  Lettuce|-00.28|+00.97|+01.15 {'x': 0.8764640092849731, 'y': 0.964388906955719, 'z': -0.1753266602754593}
Going to  CounterTop|+00.79|+00.92|-00.11 {'x': 0.8001425266265869, 'y': 0.8812419176101685, 'z': -0.41060352325439453}
Going to  GarbageCan|-01.26|-00.03|-03.61 {'x': -1.2609970569610596, 'y': 0.2965203821659088, 'z': -3.61099910736084}
Reached:  CounterTop
Going to  Apple|-01.90|+00.87|-01.40 {'x': 0.35521265864372253, 'y': 1.187961220741272, 'z': -0.2886185348033905}
Reached:  Apple
PIcking:  Apple
Picking Up  Apple|-01.90|+00.87|-01.40 {'x': 1.0247437953948975, 'y': 0.926397979259491, 'z': 0.09879157692193985}
Going to  GarbageCan|-01.26|-00.03|-03.61 {'x': -1.2609970569610596, 'y': 0.2965203821659088, 'z': -3.61099910736084}
Reached:  GarbageCan
Reached:  GarbageCan
No valid positions to place object found
[{'name': 'Apple', 'contains': [], 'state': 'SLICED'}, {'name': 'GarbageCan', 'contains': ['Apple'], 'state': None}]
  [GT] Apple state=SLICED contains=[] -> MISS
  [GT] GarbageCan state=None contains=['Apple'] -> MISS
1 11 1
SR:0, TC:0, GCR:0.0, Exec:0.5833333333333334, RU:1.0
[image2 @ 0x64d338af4980] Could not open file : /media/ubuntu/Student/gengzeyu/LaMMA-P/logs/Slice_apple_and_lettuce_parallelly,_and_throw_them_in_the_trash_plans_09-09-2026-19-08-31/agent_1//img_00000.png
[image2 @ 0x64d338af4980] Could not find codec parameters for stream 0 (Video: png, none(pc)): unspecified size
Consider increasing the value for the 'analyzeduration' and 'probesize' options
Output file #0 does not contain any stream
[image2 @ 0x5b22fcb99980] Could not open file : /media/ubuntu/Student/gengzeyu/LaMMA-P/logs/Slice_apple_and_lettuce_parallelly,_and_throw_them_in_the_trash_plans_09-09-2026-19-08-31/agent_2//img_00000.png
[image2 @ 0x5b22fcb99980] Could not find codec parameters for stream 0 (Video: png, none(pc)): unspecified size
Consider increasing the value for the 'analyzeduration' and 'probesize' options
Output file #0 does not contain any stream
[image2 @ 0x5e97c95fa980] Could not open file : /media/ubuntu/Student/gengzeyu/LaMMA-P/logs/Slice_apple_and_lettuce_parallelly,_and_throw_them_in_the_trash_plans_09-09-2026-19-08-31/agent_3//img_00000.png
[image2 @ 0x5e97c95fa980] Could not find codec parameters for stream 0 (Video: png, none(pc)): unspecified size
Consider increasing the value for the 'analyzeduration' and 'probesize' options
Output file #0 does not contain any stream
[image2 @ 0x64c1fe954980] Could not open file : /media/ubuntu/Student/gengzeyu/LaMMA-P/logs/Slice_apple_and_lettuce_parallelly,_and_throw_them_in_the_trash_plans_09-09-2026-19-08-31/top_view//img_00000.png
[image2 @ 0x64c1fe954980] Could not find codec parameters for stream 0 (Video: png, none(pc)): unspecified size
Consider increasing the value for the 'analyzeduration' and 'probesize' options
Output file #0 does not contain any stream
QObject::killTimer: Timers cannot be stopped from another thread
QObject::~QObject: Timers cannot be stopped from another thread

=== END 2026-09-15 13:30:00 (exit=0) ===
