=== START 2026-09-15 15:03:11 ===
CMD: /media/ubuntu/Student/anaconda3/envs/lammap/bin/python scripts/execute_plan.py --command Throw_the_Spatula_and_knife_in_the_trash_plans_09-09-2026-18-24-43
floor_no: 6
============================================================

Throw_the_Spatula_and_knife_in_the_trash_plans_09-09-2026-18-24-43
No Breaks:  1
  Robot 0 initialized at corner: x=-2.00, z=-1.50
  Robot 1 initialized at corner: x=1.00, z=-0.75
Going to  Spatula|-02.31|+00.91|+00.33 {'x': -2.382664203643799, 'y': 0.9086782932281494, 'z': 0.37931641936302185}
Going to  Knife|-00.64|+00.91|+01.62 {'x': -0.6178590059280396, 'y': 0.9067923426628113, 'z': 1.6430227756500244}
Reached:  Spatula
PIcking:  Spatula
Picking Up  Spatula|-02.31|+00.91|+00.33 {'x': -2.382664203643799, 'y': 0.9086782932281494, 'z': 0.37931641936302185}
Going to  GarbageCan|+01.65|00.00|+00.68 {'x': 1.6471350193023682, 'y': 0.27308812737464905, 'z': 0.6800844669342041}
Reached:  Knife
PIcking:  Knife
Picking Up  Knife|-00.64|+00.91|+01.62 {'x': -0.6178590059280396, 'y': 0.9067923426628113, 'z': 1.6430227756500244}
Going to  GarbageCan|+01.65|00.00|+00.68 {'x': 1.6471350193023682, 'y': 0.27308812737464905, 'z': 0.6800844669342041}
Reached:  GarbageCan
Reached:  GarbageCan
[{'name': 'GarbageCan', 'contains': ['Spatula'], 'state': 'None'}]
  [GT] GarbageCan state=None contains=['Spatula'] -> OK
1 11 1
SR:1, TC:1, GCR:1.0, Exec:1.0, RU:1.0
[image2 @ 0x57b719899980] Could not open file : /media/ubuntu/Student/gengzeyu/LaMMA-P/logs/Throw_the_Spatula_and_knife_in_the_trash_plans_09-09-2026-18-24-43/agent_1//img_00000.png
[image2 @ 0x57b719899980] Could not find codec parameters for stream 0 (Video: png, none(pc)): unspecified size
Consider increasing the value for the 'analyzeduration' and 'probesize' options
Output file #0 does not contain any stream
[image2 @ 0x562b70da3980] Could not open file : /media/ubuntu/Student/gengzeyu/LaMMA-P/logs/Throw_the_Spatula_and_knife_in_the_trash_plans_09-09-2026-18-24-43/agent_2//img_00000.png
[image2 @ 0x562b70da3980] Could not find codec parameters for stream 0 (Video: png, none(pc)): unspecified size
Consider increasing the value for the 'analyzeduration' and 'probesize' options
Output file #0 does not contain any stream
[image2 @ 0x5a3e32960980] Could not open file : /media/ubuntu/Student/gengzeyu/LaMMA-P/logs/Throw_the_Spatula_and_knife_in_the_trash_plans_09-09-2026-18-24-43/top_view//img_00000.png
[image2 @ 0x5a3e32960980] Could not find codec parameters for stream 0 (Video: png, none(pc)): unspecified size
Consider increasing the value for the 'analyzeduration' and 'probesize' options
Output file #0 does not contain any stream
QObject::killTimer: Timers cannot be stopped from another thread
QObject::~QObject: Timers cannot be stopped from another thread

=== END 2026-09-15 15:04:07 (exit=0) ===
