=== START 2026-09-15 15:13:04 ===
CMD: /media/ubuntu/Student/anaconda3/envs/lammap/bin/python scripts/execute_plan.py --command Toast_a_slice_of_the_breadloaf_plans_09-09-2026-11-28-49
floor_no: 21
============================================================

Toast_a_slice_of_the_breadloaf_plans_09-09-2026-11-28-49
No Breaks:  1
  Robot 0 initialized at corner: x=-2.00, z=-2.75
  Robot 1 initialized at corner: x=0.75, z=-3.50
  Robot 2 initialized at corner: x=-2.00, z=0.00
Going to  Knife|+00.74|+00.76|-00.19 {'x': 0.7141741514205933, 'y': 0.7575367093086243, 'z': -0.21821387112140656}
Reached:  Knife
PIcking:  Knife
Picking Up  Knife|+00.74|+00.76|-00.19 {'x': 0.7141741514205933, 'y': 0.7575367093086243, 'z': -0.21821387112140656}
Going to  Bread|-00.87|+00.93|+00.99 {'x': -0.871650218963623, 'y': 0.9406587481498718, 'z': 0.9911487698554993}
Reached:  Bread
Slicing:  Bread
Going to  Bread|-00.87|+00.93|+00.99 {'x': -0.87, 'y': 0.93, 'z': 0.99}
Reached:  Bread|-00.87|+00.93|+00.99
Going to  CounterTop|+00.79|+00.92|-00.11 {'x': 0.8001425266265869, 'y': 0.8812419176101685, 'z': -0.41060352325439453}
Reached:  CounterTop
Going to  Bread|-00.87|+00.93|+00.99|Bread_0 {'x': -0.8514536023139954, 'y': 0.9408693909645081, 'z': 1.0497610569000244}
Reached:  Bread
PIcking:  Bread
Picking Up  Bread|-00.87|+00.93|+00.99|Bread_0 {'x': -0.8514536023139954, 'y': 0.9408693909645081, 'z': 1.0497610569000244}
Going to  Toaster|-00.52|+00.89|+01.08 {'x': -0.5228453874588013, 'y': 0.9743396639823914, 'z': 1.0619933605194092}
Reached:  Toaster
Going to  CounterTop|+00.79|+00.92|-00.11 {'x': 0.79, 'y': 0.92, 'z': -0.11}
Reached:  CounterTop|+00.79|+00.92|-00.11
CounterTop|+00.79|+00.92|-00.11 is not an Openable object
Bread_21_Slice_1 is not a valid Object Type to be placed in Toaster_b00b48a4
Going to  CounterTop|+00.79|+00.92|-00.11 {'x': 0.79, 'y': 0.92, 'z': -0.11}
Reached:  CounterTop|+00.79|+00.92|-00.11
CounterTop|+00.79|+00.92|-00.11 is not an Openable object
Switching On:  Toaster
Going to  Toaster|-00.52|+00.89|+01.08 {'x': -0.52, 'y': 0.89, 'z': 1.08}
Reached:  Toaster|-00.52|+00.89|+01.08
Switching Off:  Toaster
Going to  Toaster|-00.52|+00.89|+01.08 {'x': -0.52, 'y': 0.89, 'z': 1.08}
Reached:  Toaster|-00.52|+00.89|+01.08
Going to  Toaster|-00.52|+00.89|+01.08 {'x': -0.52, 'y': 0.89, 'z': 1.08}
Reached:  Toaster|-00.52|+00.89|+01.08
Toaster|-00.52|+00.89|+01.08 is not an Openable object
PIcking:  Bread
Picking Up  Bread|-00.87|+00.93|+00.99|Bread_0 {'x': -0.690240740776062, 'y': 1.1943464279174805, 'z': 0.22686266899108887}
InvalidOperationException: Agent hand has something in it already! Can't pick up anything else. trace:   at UnityStandardAssets.Characters.FirstPerson.PhysicsRemoteFPSAgentController.pickupObject (SimObjPhysics target, System.Boolean forceAction, System.Boolean manualInteract, System.Boolean markActionFinished) [0x0003c] in <40d6a6c54fa349fab67f7470c3432f83>:0 
  at UnityStandardAssets.Characters.FirstPerson.PhysicsRemoteFPSAgentController.PickupObject (System.String objectId, System.Boolean forceAction, System.Boolean manualInteract) [0x00009] in <40d6a6c54fa349fab67f7470c3432f83>:0 
  at (wrapper managed-to-native) System.Reflection.MonoMethod.InternalInvoke(System.Reflection.MonoMethod,object,object[],System.Exception&)
  at System.Reflection.MonoMethod.Invoke (System.Object obj, System.Reflection.BindingFlags invokeAttr, System.Reflection.Binder binder, System.Object[] parameters, System.Globalization.CultureInfo culture) [0x00032] in <695d1cc93cca45069c528c15c9fdd749>:0 
Going to  Toaster|-00.52|+00.89|+01.08 {'x': -0.52, 'y': 0.89, 'z': 1.08}
Reached:  Toaster|-00.52|+00.89|+01.08
Toaster|-00.52|+00.89|+01.08 is not an Openable object
Going to  Plate|-01.99|+00.83|-01.59 {'x': -1.988580584526062, 'y': 0.8396214842796326, 'z': -1.5884768962860107}
Reached:  Plate
No valid positions to place object found
[{'name': 'Bread', 'contains': [], 'state': 'COOKED'}]
  [GT] Bread state=COOKED contains=[] -> MISS
1 11 1
SR:0, TC:0, GCR:0.0, Exec:0.46153846153846156, RU:1.0
[image2 @ 0x5ef76b08f980] Could not open file : /media/ubuntu/Student/gengzeyu/LaMMA-P/logs/Toast_a_slice_of_the_breadloaf_plans_09-09-2026-11-28-49/agent_1//img_00000.png
[image2 @ 0x5ef76b08f980] Could not find codec parameters for stream 0 (Video: png, none(pc)): unspecified size
Consider increasing the value for the 'analyzeduration' and 'probesize' options
Output file #0 does not contain any stream
[image2 @ 0x5ec2767df980] Could not open file : /media/ubuntu/Student/gengzeyu/LaMMA-P/logs/Toast_a_slice_of_the_breadloaf_plans_09-09-2026-11-28-49/agent_2//img_00000.png
[image2 @ 0x5ec2767df980] Could not find codec parameters for stream 0 (Video: png, none(pc)): unspecified size
Consider increasing the value for the 'analyzeduration' and 'probesize' options
Output file #0 does not contain any stream
[image2 @ 0x61089bc4f980] Could not open file : /media/ubuntu/Student/gengzeyu/LaMMA-P/logs/Toast_a_slice_of_the_breadloaf_plans_09-09-2026-11-28-49/agent_3//img_00000.png
[image2 @ 0x61089bc4f980] Could not find codec parameters for stream 0 (Video: png, none(pc)): unspecified size
Consider increasing the value for the 'analyzeduration' and 'probesize' options
Output file #0 does not contain any stream
[image2 @ 0x5c1da175c980] Could not open file : /media/ubuntu/Student/gengzeyu/LaMMA-P/logs/Toast_a_slice_of_the_breadloaf_plans_09-09-2026-11-28-49/top_view//img_00000.png
[image2 @ 0x5c1da175c980] Could not find codec parameters for stream 0 (Video: png, none(pc)): unspecified size
Consider increasing the value for the 'analyzeduration' and 'probesize' options
Output file #0 does not contain any stream
QObject::killTimer: Timers cannot be stopped from another thread
QObject::~QObject: Timers cannot be stopped from another thread

=== END 2026-09-15 15:14:58 (exit=0) ===
