=== START 2026-09-15 15:01:50 ===
CMD: /media/ubuntu/Student/anaconda3/envs/lammap/bin/python scripts/execute_plan.py --command Wash_the_lettuce_and_place_lettuce,_tomato_on_the_Countertop_plans_09-09-2026-18-24-43
floor_no: 6
============================================================

Wash_the_lettuce_and_place_lettuce,_tomato_on_the_Countertop_plans_09-09-2026-18-24-43
No Breaks:  1
  Robot 0 initialized at corner: x=-2.00, z=-1.50
  Robot 1 initialized at corner: x=1.00, z=-0.75
  Robot 2 initialized at corner: x=-1.75, z=2.50
Going to  Lettuce|+01.11|+00.83|-01.43 {'x': 1.1213102340698242, 'y': 0.8314238786697388, 'z': -1.4405661821365356}
Reached:  Lettuce
PIcking:  Lettuce
Picking Up  Lettuce|+01.11|+00.83|-01.43 {'x': 1.1213102340698242, 'y': 0.8314238786697388, 'z': -1.4405661821365356}
Going to  Sink|+01.38|+00.81|-01.27 {'x': 1.2521369457244873, 'y': 0.8267310857772827, 'z': -1.2686156034469604}
Reached:  Sink
Going to  Lettuce|+01.11|+00.83|-01.43 {'x': 1.11, 'y': 0.83, 'z': -1.43}
Reached:  Lettuce|+01.11|+00.83|-01.43
Going to  CounterTop|-00.36|+00.95|+01.09 {'x': -0.34021228551864624, 'y': 0.9094499349594116, 'z': 1.0938019752502441}
Reached:  CounterTop
Going to  Tomato|+01.30|+00.96|-01.08 {'x': 1.2965524196624756, 'y': 0.9594416618347168, 'z': -1.082675576210022}
Reached:  Tomato
PIcking:  Tomato
Picking Up  Tomato|+01.30|+00.96|-01.08 {'x': 1.2965524196624756, 'y': 0.9594416618347168, 'z': -1.082675576210022}
Going to  CounterTop|-00.36|+00.95|+01.09 {'x': -0.34021228551864624, 'y': 0.9094499349594116, 'z': 1.0938019752502441}
Reached:  CounterTop
[{'name': 'CounterTop', 'contains': ['Lettuce'], 'state': 'None'}]
  [GT] CounterTop state=None contains=['Lettuce'] -> OK
1 11 1
SR:1, TC:1, GCR:1.0, Exec:1.0, RU:1.0
[image2 @ 0x5e776e7af980] Could not open file : /media/ubuntu/Student/gengzeyu/LaMMA-P/logs/Wash_the_lettuce_and_place_lettuce,_tomato_on_the_Countertop_plans_09-09-2026-18-24-43/agent_1//img_00000.png
[image2 @ 0x5e776e7af980] Could not find codec parameters for stream 0 (Video: png, none(pc)): unspecified size
Consider increasing the value for the 'analyzeduration' and 'probesize' options
Output file #0 does not contain any stream
[image2 @ 0x5be65d354980] Could not open file : /media/ubuntu/Student/gengzeyu/LaMMA-P/logs/Wash_the_lettuce_and_place_lettuce,_tomato_on_the_Countertop_plans_09-09-2026-18-24-43/agent_2//img_00000.png
[image2 @ 0x5be65d354980] Could not find codec parameters for stream 0 (Video: png, none(pc)): unspecified size
Consider increasing the value for the 'analyzeduration' and 'probesize' options
Output file #0 does not contain any stream
[image2 @ 0x5a32c1e8c980] Could not open file : /media/ubuntu/Student/gengzeyu/LaMMA-P/logs/Wash_the_lettuce_and_place_lettuce,_tomato_on_the_Countertop_plans_09-09-2026-18-24-43/agent_3//img_00000.png
[image2 @ 0x5a32c1e8c980] Could not find codec parameters for stream 0 (Video: png, none(pc)): unspecified size
Consider increasing the value for the 'analyzeduration' and 'probesize' options
Output file #0 does not contain any stream
[image2 @ 0x6214e0451980] Could not open file : /media/ubuntu/Student/gengzeyu/LaMMA-P/logs/Wash_the_lettuce_and_place_lettuce,_tomato_on_the_Countertop_plans_09-09-2026-18-24-43/top_view//img_00000.png
[image2 @ 0x6214e0451980] Could not find codec parameters for stream 0 (Video: png, none(pc)): unspecified size
Consider increasing the value for the 'analyzeduration' and 'probesize' options
Output file #0 does not contain any stream
QObject::killTimer: Timers cannot be stopped from another thread
QObject::~QObject: Timers cannot be stopped from another thread

=== END 2026-09-15 15:03:09 (exit=0) ===
