=== START 2026-09-15 13:23:17 ===
CMD: /media/ubuntu/Student/anaconda3/envs/lammap/bin/python scripts/execute_plan.py --command Wash_the_lettuce_and_place_lettuce_on_the_Countertop_plans_09-09-2026-09-53-33
floor_no: 6
============================================================

Wash_the_lettuce_and_place_lettuce_on_the_Countertop_plans_09-09-2026-09-53-33
No Breaks:  1
  Robot 0 initialized at corner: x=-2.00, z=-1.50
  Robot 1 initialized at corner: x=1.00, z=-0.75
  Robot 2 initialized at corner: x=-1.75, z=2.50
Going to  Lettuce|+01.11|+00.83|-01.43 {'x': 1.1213102340698242, 'y': 0.8314238786697388, 'z': -1.4405661821365356}
Reached:  Lettuce
PIcking:  Lettuce
Picking Up  Lettuce|+01.11|+00.83|-01.43 {'x': 1.1213102340698242, 'y': 0.8314238786697388, 'z': -1.4405661821365356}
Exception in thread Thread-2:
Traceback (most recent call last):
  File "/media/ubuntu/Student/anaconda3/envs/lammap/lib/python3.9/threading.py", line 980, in _bootstrap_inner
    self.run()
  File "/media/ubuntu/Student/anaconda3/envs/lammap/lib/python3.9/threading.py", line 917, in run
    self._target(*self._args, **self._kwargs)
  File "/media/ubuntu/Student/gengzeyu/LaMMA-P/logs/Wash_the_lettuce_and_place_lettuce_on_the_Countertop_plans_09-09-2026-09-53-33/executable_plan.py", line 581, in wash_lettuce
    GoToObject(robots[0], 'SinkBasin')
  File "/media/ubuntu/Student/gengzeyu/LaMMA-P/logs/Wash_the_lettuce_and_place_lettuce_on_the_Countertop_plans_09-09-2026-09-53-33/executable_plan.py", line 286, in GoToObject
    print ("Going to ", dest_obj_id, dest_obj_center)
UnboundLocalError: local variable 'dest_obj_id' referenced before assignment
[{'name': 'CounterTop', 'contains': ['Lettuce'], 'state': 'None'}]
  [GT] CounterTop state=None contains=['Lettuce'] -> MISS
1 11 1
SR:0, TC:0, GCR:0.0, Exec:1.0, RU:1.0
[image2 @ 0x5868c502f980] Could not open file : /media/ubuntu/Student/gengzeyu/LaMMA-P/logs/Wash_the_lettuce_and_place_lettuce_on_the_Countertop_plans_09-09-2026-09-53-33/agent_1//img_00000.png
[image2 @ 0x5868c502f980] Could not find codec parameters for stream 0 (Video: png, none(pc)): unspecified size
Consider increasing the value for the 'analyzeduration' and 'probesize' options
Output file #0 does not contain any stream
[image2 @ 0x6459875b2980] Could not open file : /media/ubuntu/Student/gengzeyu/LaMMA-P/logs/Wash_the_lettuce_and_place_lettuce_on_the_Countertop_plans_09-09-2026-09-53-33/agent_2//img_00000.png
[image2 @ 0x6459875b2980] Could not find codec parameters for stream 0 (Video: png, none(pc)): unspecified size
Consider increasing the value for the 'analyzeduration' and 'probesize' options
Output file #0 does not contain any stream
[image2 @ 0x5f7a8ab26980] Could not open file : /media/ubuntu/Student/gengzeyu/LaMMA-P/logs/Wash_the_lettuce_and_place_lettuce_on_the_Countertop_plans_09-09-2026-09-53-33/agent_3//img_00000.png
[image2 @ 0x5f7a8ab26980] Could not find codec parameters for stream 0 (Video: png, none(pc)): unspecified size
Consider increasing the value for the 'analyzeduration' and 'probesize' options
Output file #0 does not contain any stream
[image2 @ 0x579aee3b7980] Could not open file : /media/ubuntu/Student/gengzeyu/LaMMA-P/logs/Wash_the_lettuce_and_place_lettuce_on_the_Countertop_plans_09-09-2026-09-53-33/top_view//img_00000.png
[image2 @ 0x579aee3b7980] Could not find codec parameters for stream 0 (Video: png, none(pc)): unspecified size
Consider increasing the value for the 'analyzeduration' and 'probesize' options
Output file #0 does not contain any stream
QObject::killTimer: Timers cannot be stopped from another thread
QObject::~QObject: Timers cannot be stopped from another thread

=== END 2026-09-15 13:23:49 (exit=0) ===
