=== START 2026-09-15 15:16:04 ===
CMD: /media/ubuntu/Student/anaconda3/envs/lammap/bin/python scripts/execute_plan.py --command Wash_the_fork_and_put_it_in_the_bowl_plans_09-09-2026-11-28-49
floor_no: 21
============================================================

Wash_the_fork_and_put_it_in_the_bowl_plans_09-09-2026-11-28-49
No Breaks:  1
  Robot 0 initialized at corner: x=-2.00, z=-2.75
  Robot 1 initialized at corner: x=0.75, z=-3.50
  Robot 2 initialized at corner: x=-2.00, z=0.00
Going to  Fork|+00.65|+00.87|-00.07 {'x': 0.6332083344459534, 'y': 0.8827393054962158, 'z': -0.08262046426534653}
Reached:  Fork
PIcking:  Fork
Picking Up  Fork|+00.65|+00.87|-00.07 {'x': 0.6332083344459534, 'y': 0.8827393054962158, 'z': -0.08262046426534653}
Going to  Sink|+00.75|+00.88|-00.68 {'x': 0.7530224919319153, 'y': 0.8191193342208862, 'z': -0.6798887848854065}
Reached:  Sink
Switching On:  Faucet
Going to  Faucet|+01.03|+00.87|-00.68 {'x': 1.03, 'y': 0.87, 'z': -0.68}
Reached:  Faucet|+01.03|+00.87|-00.68
Switching Off:  Faucet
Going to  Faucet|+01.03|+00.87|-00.68 {'x': 1.03, 'y': 0.87, 'z': -0.68}
Reached:  Faucet|+01.03|+00.87|-00.68
PIcking:  Fork
Picking Up  Fork|+00.65|+00.87|-00.07 {'x': 0.6225728988647461, 'y': 0.8913953304290771, 'z': -0.5154339671134949}
Going to  Bowl|-02.04|+00.83|-01.17 {'x': -2.037175416946411, 'y': 0.8856121301651001, 'z': -1.163426160812378}
Reached:  Bowl
[{'name': 'Bowl', 'contains': ['Fork'], 'state': None}]
  [GT] Bowl state=None contains=['Fork'] -> OK
1 11 1
SR:1, TC:1, GCR:1.0, Exec:1.0, RU:1.0
[image2 @ 0x60257a0e6980] Could not open file : /media/ubuntu/Student/gengzeyu/LaMMA-P/logs/Wash_the_fork_and_put_it_in_the_bowl_plans_09-09-2026-11-28-49/agent_1//img_00000.png
[image2 @ 0x60257a0e6980] Could not find codec parameters for stream 0 (Video: png, none(pc)): unspecified size
Consider increasing the value for the 'analyzeduration' and 'probesize' options
Output file #0 does not contain any stream
[image2 @ 0x5a5a496ff980] Could not open file : /media/ubuntu/Student/gengzeyu/LaMMA-P/logs/Wash_the_fork_and_put_it_in_the_bowl_plans_09-09-2026-11-28-49/agent_2//img_00000.png
[image2 @ 0x5a5a496ff980] Could not find codec parameters for stream 0 (Video: png, none(pc)): unspecified size
Consider increasing the value for the 'analyzeduration' and 'probesize' options
Output file #0 does not contain any stream
[image2 @ 0x5ed136691980] Could not open file : /media/ubuntu/Student/gengzeyu/LaMMA-P/logs/Wash_the_fork_and_put_it_in_the_bowl_plans_09-09-2026-11-28-49/agent_3//img_00000.png
[image2 @ 0x5ed136691980] Could not find codec parameters for stream 0 (Video: png, none(pc)): unspecified size
Consider increasing the value for the 'analyzeduration' and 'probesize' options
Output file #0 does not contain any stream
[image2 @ 0x5ddda6d3d980] Could not open file : /media/ubuntu/Student/gengzeyu/LaMMA-P/logs/Wash_the_fork_and_put_it_in_the_bowl_plans_09-09-2026-11-28-49/top_view//img_00000.png
[image2 @ 0x5ddda6d3d980] Could not find codec parameters for stream 0 (Video: png, none(pc)): unspecified size
Consider increasing the value for the 'analyzeduration' and 'probesize' options
Output file #0 does not contain any stream
QObject::killTimer: Timers cannot be stopped from another thread
QObject::~QObject: Timers cannot be stopped from another thread

=== END 2026-09-15 15:17:05 (exit=0) ===
