=== START 2026-09-15 13:38:27 ===
CMD: /media/ubuntu/Student/anaconda3/envs/lammap/bin/python scripts/execute_plan.py --command Wash_the_knife_and_put_it_in_the_bowl,_and_slice_lettuce_plans_09-09-2026-19-08-31
floor_no: 21
============================================================

Wash_the_knife_and_put_it_in_the_bowl,_and_slice_lettuce_plans_09-09-2026-19-08-31
No Breaks:  1
  Robot 0 initialized at corner: x=-2.00, z=-2.75
  Robot 1 initialized at corner: x=0.75, z=-3.50
  Robot 2 initialized at corner: x=-2.00, z=0.00
Going to  ButterKnife|+00.76|+00.76|-00.75 {'x': 0.7613058090209961, 'y': 0.7586705088615417, 'z': -0.7468519806861877}
Reached:  ButterKnife
PIcking:  ButterKnife
Picking Up  ButterKnife|+00.76|+00.76|-00.75 {'x': 0.7613058090209961, 'y': 0.7586705088615417, 'z': -0.7468519806861877}
Going to  Sink|+00.75|+00.88|-00.68 {'x': 0.7530224919319153, 'y': 0.8191193342208862, 'z': -0.6798887848854065}
Reached:  Sink
This target object is NOT a receptacle!
Switching On:  Faucet
Going to  Faucet|+01.03|+00.87|-00.68 {'x': 1.03, 'y': 0.87, 'z': -0.68}
Reached:  Faucet|+01.03|+00.87|-00.68
Switching Off:  Faucet
Going to  Faucet|+01.03|+00.87|-00.68 {'x': 1.03, 'y': 0.87, 'z': -0.68}
Reached:  Faucet|+01.03|+00.87|-00.68
PIcking:  ButterKnife
Picking Up  ButterKnife|+00.76|+00.76|-00.75 {'x': 0.32087579369544983, 'y': 1.192167043685913, 'z': -0.7338695526123047}
InvalidOperationException: Agent hand has something in it already! Can't pick up anything else. trace:   at UnityStandardAssets.Characters.FirstPerson.PhysicsRemoteFPSAgentController.pickupObject (SimObjPhysics target, System.Boolean forceAction, System.Boolean manualInteract, System.Boolean markActionFinished) [0x0003c] in <40d6a6c54fa349fab67f7470c3432f83>:0 
  at UnityStandardAssets.Characters.FirstPerson.PhysicsRemoteFPSAgentController.PickupObject (System.String objectId, System.Boolean forceAction, System.Boolean manualInteract) [0x00009] in <40d6a6c54fa349fab67f7470c3432f83>:0 
  at (wrapper managed-to-native) System.Reflection.MonoMethod.InternalInvoke(System.Reflection.MonoMethod,object,object[],System.Exception&)
  at System.Reflection.MonoMethod.Invoke (System.Object obj, System.Reflection.BindingFlags invokeAttr, System.Reflection.Binder binder, System.Object[] parameters, System.Globalization.CultureInfo culture) [0x00032] in <695d1cc93cca45069c528c15c9fdd749>:0 
Going to  Bowl|-02.04|+00.83|-01.17 {'x': -2.037175416946411, 'y': 0.8856121301651001, 'z': -1.163426160812378}
Reached:  Bowl
Going to  ButterKnife|+00.76|+00.76|-00.75 {'x': -1.9959410429000854, 'y': 0.9856408834457397, 'z': -1.1189770698547363}
Reached:  ButterKnife
PIcking:  ButterKnife
Picking Up  ButterKnife|+00.76|+00.76|-00.75 {'x': -1.9959410429000854, 'y': 0.9856408834457397, 'z': -1.1189770698547363}
Going to  Lettuce|-00.28|+00.97|+01.15 {'x': -0.28047120571136475, 'y': 0.9752742052078247, 'z': 1.1467573642730713}
Reached:  Lettuce
Slicing:  Lettuce
Going to  Lettuce|-00.28|+00.97|+01.15 {'x': -0.28, 'y': 0.97, 'z': 1.15}
Reached:  Lettuce|-00.28|+00.97|+01.15
Going to  CounterTop|+00.79|+00.92|-00.11 {'x': 0.8001425266265869, 'y': 0.8812419176101685, 'z': -0.41060352325439453}
Reached:  CounterTop
[{'name': 'Bowl', 'contains': ['Fork'], 'state': None}]
  [GT] Bowl state=None contains=['Fork'] -> MISS
1 11 1
SR:0, TC:0, GCR:0.0, Exec:0.7777777777777778, RU:1.0
[image2 @ 0x5690001fe980] Could not open file : /media/ubuntu/Student/gengzeyu/LaMMA-P/logs/Wash_the_knife_and_put_it_in_the_bowl,_and_slice_lettuce_plans_09-09-2026-19-08-31/agent_1//img_00000.png
[image2 @ 0x5690001fe980] Could not find codec parameters for stream 0 (Video: png, none(pc)): unspecified size
Consider increasing the value for the 'analyzeduration' and 'probesize' options
Output file #0 does not contain any stream
[image2 @ 0x5c1bd1edd980] Could not open file : /media/ubuntu/Student/gengzeyu/LaMMA-P/logs/Wash_the_knife_and_put_it_in_the_bowl,_and_slice_lettuce_plans_09-09-2026-19-08-31/agent_2//img_00000.png
[image2 @ 0x5c1bd1edd980] Could not find codec parameters for stream 0 (Video: png, none(pc)): unspecified size
Consider increasing the value for the 'analyzeduration' and 'probesize' options
Output file #0 does not contain any stream
[image2 @ 0x569894f7e980] Could not open file : /media/ubuntu/Student/gengzeyu/LaMMA-P/logs/Wash_the_knife_and_put_it_in_the_bowl,_and_slice_lettuce_plans_09-09-2026-19-08-31/agent_3//img_00000.png
[image2 @ 0x569894f7e980] Could not find codec parameters for stream 0 (Video: png, none(pc)): unspecified size
Consider increasing the value for the 'analyzeduration' and 'probesize' options
Output file #0 does not contain any stream
[image2 @ 0x5c8ed66c5980] Could not open file : /media/ubuntu/Student/gengzeyu/LaMMA-P/logs/Wash_the_knife_and_put_it_in_the_bowl,_and_slice_lettuce_plans_09-09-2026-19-08-31/top_view//img_00000.png
[image2 @ 0x5c8ed66c5980] Could not find codec parameters for stream 0 (Video: png, none(pc)): unspecified size
Consider increasing the value for the 'analyzeduration' and 'probesize' options
Output file #0 does not contain any stream
QObject::killTimer: Timers cannot be stopped from another thread
QObject::~QObject: Timers cannot be stopped from another thread

=== END 2026-09-15 13:39:40 (exit=0) ===
