=== START 2026-09-15 15:15:00 ===
CMD: /media/ubuntu/Student/anaconda3/envs/lammap/bin/python scripts/execute_plan.py --command Wash_the_fork_and_put_it_in_the_bowl,_and_turn_off_the_light_plans_09-09-2026-19-08-31
floor_no: 21
============================================================

Wash_the_fork_and_put_it_in_the_bowl,_and_turn_off_the_light_plans_09-09-2026-19-08-31
No Breaks:  1
  Robot 0 initialized at corner: x=-2.00, z=-2.75
  Robot 1 initialized at corner: x=0.75, z=-3.50
  Robot 2 initialized at corner: x=-2.00, z=0.00
Going to  Fork|+00.65|+00.87|-00.07 {'x': 0.6332083344459534, 'y': 0.8827393054962158, 'z': -0.08262046426534653}Going to  
LightSwitch|+01.10|+01.37|-03.74 {'x': 1.0914981365203857, 'y': 1.36899995803833, 'z': -3.73799991607666}
Reached:  LightSwitch
Switching Off:  LightSwitch
Going to  LightSwitch|+01.10|+01.37|-03.74 {'x': 1.1, 'y': 1.37, 'z': -3.74}
Reached:  LightSwitch|+01.10|+01.37|-03.74
Reached:  Fork
PIcking:  Fork
Picking Up  Fork|+00.65|+00.87|-00.07 {'x': 0.6332083344459534, 'y': 0.8827393054962158, 'z': -0.08262046426534653}
Going to  Sink|+00.75|+00.88|-00.68 {'x': 0.7530224919319153, 'y': 0.8191193342208862, 'z': -0.6798887848854065}
Reached:  Sink
This target object is NOT a receptacle!
Switching On:  Faucet
Going to  Faucet|+01.03|+00.87|-00.68 {'x': 1.03, 'y': 0.87, 'z': -0.68}
Reached:  Faucet|+01.03|+00.87|-00.68
Switching Off:  Faucet
Going to  Faucet|+01.03|+00.87|-00.68 {'x': 1.03, 'y': 0.87, 'z': -0.68}
Reached:  Faucet|+01.03|+00.87|-00.68
PIcking:  Fork
Picking Up  Fork|+00.65|+00.87|-00.07 {'x': 0.40328624844551086, 'y': 1.2039473056793213, 'z': -0.668826699256897}
InvalidOperationException: Agent hand has something in it already! Can't pick up anything else. trace:   at UnityStandardAssets.Characters.FirstPerson.PhysicsRemoteFPSAgentController.pickupObject (SimObjPhysics target, System.Boolean forceAction, System.Boolean manualInteract, System.Boolean markActionFinished) [0x0003c] in <40d6a6c54fa349fab67f7470c3432f83>:0 
  at UnityStandardAssets.Characters.FirstPerson.PhysicsRemoteFPSAgentController.PickupObject (System.String objectId, System.Boolean forceAction, System.Boolean manualInteract) [0x00009] in <40d6a6c54fa349fab67f7470c3432f83>:0 
  at (wrapper managed-to-native) System.Reflection.MonoMethod.InternalInvoke(System.Reflection.MonoMethod,object,object[],System.Exception&)
  at System.Reflection.MonoMethod.Invoke (System.Object obj, System.Reflection.BindingFlags invokeAttr, System.Reflection.Binder binder, System.Object[] parameters, System.Globalization.CultureInfo culture) [0x00032] in <695d1cc93cca45069c528c15c9fdd749>:0 
Going to  Bowl|-02.04|+00.83|-01.17 {'x': -2.037175416946411, 'y': 0.8856121301651001, 'z': -1.163426160812378}
Reached:  Bowl
[{'name': 'Bowl', 'contains': ['Fork'], 'state': None}]
  [GT] Bowl state=None contains=['Fork'] -> OK
1 11 1
SR:1, TC:1, GCR:1.0, Exec:0.7142857142857143, RU:1.0
[image2 @ 0x5705adc40980] Could not open file : /media/ubuntu/Student/gengzeyu/LaMMA-P/logs/Wash_the_fork_and_put_it_in_the_bowl,_and_turn_off_the_light_plans_09-09-2026-19-08-31/agent_1//img_00000.png
[image2 @ 0x5705adc40980] Could not find codec parameters for stream 0 (Video: png, none(pc)): unspecified size
Consider increasing the value for the 'analyzeduration' and 'probesize' options
Output file #0 does not contain any stream
[image2 @ 0x5a08b601e980] Could not open file : /media/ubuntu/Student/gengzeyu/LaMMA-P/logs/Wash_the_fork_and_put_it_in_the_bowl,_and_turn_off_the_light_plans_09-09-2026-19-08-31/agent_2//img_00000.png
[image2 @ 0x5a08b601e980] Could not find codec parameters for stream 0 (Video: png, none(pc)): unspecified size
Consider increasing the value for the 'analyzeduration' and 'probesize' options
Output file #0 does not contain any stream
[image2 @ 0x5b554b93e980] Could not open file : /media/ubuntu/Student/gengzeyu/LaMMA-P/logs/Wash_the_fork_and_put_it_in_the_bowl,_and_turn_off_the_light_plans_09-09-2026-19-08-31/agent_3//img_00000.png
[image2 @ 0x5b554b93e980] Could not find codec parameters for stream 0 (Video: png, none(pc)): unspecified size
Consider increasing the value for the 'analyzeduration' and 'probesize' options
Output file #0 does not contain any stream
[image2 @ 0x645f0799a980] Could not open file : /media/ubuntu/Student/gengzeyu/LaMMA-P/logs/Wash_the_fork_and_put_it_in_the_bowl,_and_turn_off_the_light_plans_09-09-2026-19-08-31/top_view//img_00000.png
[image2 @ 0x645f0799a980] Could not find codec parameters for stream 0 (Video: png, none(pc)): unspecified size
Consider increasing the value for the 'analyzeduration' and 'probesize' options
Output file #0 does not contain any stream
QObject::killTimer: Timers cannot be stopped from another thread
QObject::~QObject: Timers cannot be stopped from another thread

=== END 2026-09-15 15:16:02 (exit=0) ===
