Successfully loaded API key from api_key.txt

----Test set tasks----
['Put the watch and Keychain inside the drawer', 'Put the Box on the sofa and the bowl in the box', 'Put the vase on the dining table and open the book', 'Open the Laptop and Turn it ON. ']
Total: 4 tasks


[DIAGNOSTIC] Initial Task Count: 4

==================================================
Processing Task: Put the watch and Keychain inside the drawer: 1/4
==================================================
✓ Decomposed plan generated
✓ Allocation plan generated
✓ Problem summary generated
✓ Problem files generated
✓ Split into subtasks complete
✓ Validation and planning complete
✓ Plans combined
✓ References matched
Final PDDL Plan:
 Based on your instructions, I'll modify the provided PDDL plan to correct all instances where 'variablelocation' appears, replacing them with just the variable itself (since the variable includes location information). I'll also ensure the plan maintains proper PDDL syntax with parentheses only used for the plan structure.

Here's the corrected plan:

```
; Parallel plan for putting watch and keychain in drawer
; Robot1 handles watch, Robot2 handles keychain

0.000: (gotoobject robot1 watch) [1.000]
0.000: (gotoobject robot2 keychain) [1.000]

1.000: (pickupobject robot1 watch) [1.000]
1.000: (pickupobject robot2 keychain) [1.000]

2.000: (gotoobject robot1 drawer) [1.000]
2.000: (gotoobject robot2 drawer) [1.000]

3.000: (openobject robot1 drawer) [1.000]
3.000: (openobject robot2 drawer) [1.000]

4.000: (putobject robot1 watch drawer) [1.000]
4.000: (putobject robot2 keychain drawer) [1.000]

5.000: (closeobject robot1 drawer) [1.000]
5.000: (closeobject robot2 drawer) [1.000]
```

Key modifications made:
1. All instances where objects might have been referred to with location suffixes (like "watchlocation") have been simplified to just the object name ("watch")
2. The plan maintains proper PDDL syntax with parentheses only used for action definitions
3. All object references now match exactly with the names provided in the objects list
4. The parallel structure and timing of the original plan has been preserved
5. All action parameters now use the exact object names from the provided list (watch, keychain, drawer) without any location suffixes

The plan remains functionally identical but now uses the correct object naming convention as specified in your objects list.
Task 1 completion rate: 2/2

==================================================
Processing Task: Put the Box on the sofa and the bowl in the box: 2/4
==================================================
✓ Decomposed plan generated
✓ Allocation plan generated
✓ Problem summary generated
✓ Problem files generated
✓ Split into subtasks complete
✓ Validation and planning complete
✓ Plans combined
✓ References matched
Final PDDL Plan:
 I'll analyze the given PDDL plan and modify it according to your instructions, focusing on correcting variable names and removing "variablelocation" references while maintaining proper PDDL syntax.

Here's the corrected PDDL plan:

```pddl
(define (plan task_plan)
  (:method put_box_on_sofa_and_bowl_in_box
    ; Subtask 1: Put box on sofa (must complete first)
    (:tasksequence
      (:durative-action goto_box
        :parameters (robot2 Box)
        :duration (= ?duration 1)
        :condition (and (not (inaction robot2)))
        :effect (and (at robot2 Box) (not (inaction robot2)))
      )
      
      (:durative-action pickup_box
        :parameters (robot2 Box)
        :duration (= ?duration 1)
        :condition (and (at robot2 Box) (not (inaction robot2)))
        :effect (and (holding robot2 Box) (not (inaction robot2)))
      )
      
      (:durative-action goto_sofa_with_box
        :parameters (robot2 Sofa)
        :duration (= ?duration 1)
        :condition (and (holding robot2 Box) (not (inaction robot2)))
        :effect (and (at robot2 Sofa) (not (inaction robot2)))
      )
      
      (:durative-action put_box_on_sofa
        :parameters (robot2 Box Sofa)
        :duration (= ?duration 1)
        :condition (and (holding robot2 Box) (at robot2 Sofa) (not (inaction robot2)))
        :effect (and (at Box Sofa) (not (holding robot2 Box)) (not (inaction robot2)))
      )
    )
    
    ; Subtask 2: Put bowl in box (starts after Subtask 1 completes)
    (:tasksequence
      (:durative-action goto_bowl
        :parameters (robot2 Bowl)
        :duration (= ?duration 1)
        :condition (and (not (inaction robot2)) (at Box Sofa))
        :effect (and (at robot2 Bowl) (not (inaction robot2)))
      )
      
      (:durative-action pickup_bowl
        :parameters (robot2 Bowl)
        :duration (= ?duration 1)
        :condition (and (at robot2 Bowl) (not (inaction robot2)))
        :effect (and (holding robot2 Bowl) (not (inaction robot2)))
      )
      
      (:durative-action goto_box_with_bowl
        :parameters (robot2 Box)
        :duration (= ?duration 1)
        :condition (and (holding robot2 Bowl) (not (inaction robot2)) (at Box Sofa))
        :effect (and (at robot2 Box) (not (inaction robot2)))
      )
      
      (:durative-action put_bowl_in_box
        :parameters (robot2 Bowl Box)
        :duration (= ?duration 1)
        :condition (and (holding robot2 Bowl) (at robot2 Box) (not (inaction robot2)))
        :effect (and (at Bowl Box) (not (holding robot2 Bowl)) (not (inaction robot2)))
      )
    )
  )
)
```

Key modifications made:
1. Changed all object references to match exactly with the provided object list (e.g., 'box' → 'Box', 'bowl' → 'Bowl', 'sofa' → 'Sofa')
2. Removed all "variablelocation" constructs and replaced them with direct object references
3. Simplified location predicates to use just 'at' with the object and its location
4. Maintained proper PDDL syntax throughout
5. Kept all the original plan structure and sequencing
6. Ensured all object names match exactly with those in the provided objects list

The plan maintains the same logical flow and dependencies as the original, but now uses proper object naming and simplified location predicates as specified in your requirements.
Task 2 completion rate: 2/2

==================================================
Processing Task: Put the vase on the dining table and open the book: 3/4
==================================================
✓ Decomposed plan generated
✓ Allocation plan generated
✓ Problem summary generated
✓ Problem files generated
✓ Split into subtasks complete
✓ Validation and planning complete
✓ Plans combined
✓ References matched
Final PDDL Plan:
 Here's the corrected PDDL plan with the requested modifications:

```
; Parallel Plan for "Put the vase on the dining table and open the book"
; Robot2 handles vase movement, Robot3 handles book opening

0.000: (gotoobject robot2 vase) [1.000]
0.000: (gotoobject robot3 book) [1.000]

1.000: (pickupobject robot2 vase) [1.000]
1.000: (openobject robot3 book) [1.000]

2.000: (gotoobject robot2 diningtable) [1.000]

3.000: (putobject robot2 vase diningtable) [1.000]
```

The plan remains unchanged from your original version because:
1. It already correctly uses the object names directly (vase, book, diningtable) without any "variablelocation" references
2. All variable names are properly represented as the objects themselves
3. The PDDL syntax is correctly maintained with proper parenthesis usage only for the action definitions
4. The parallel execution structure is preserved with correct timing

No modifications were needed as your original plan already satisfied all the requirements specified in the task.
Task 3 completion rate: 2/2

==================================================
Processing Task: Open the Laptop and Turn it ON. : 4/4
==================================================
✓ Decomposed plan generated
✓ Allocation plan generated
✓ Problem summary generated
✓ Problem files generated
✓ Split into subtasks complete
✓ Validation and planning complete
✓ Plans combined
✓ References matched
Final PDDL Plan:
 Based on the provided PDDL plan and the object list, I'll modify the plan to correct variable names by removing 'variablelocation' references and ensuring only the variable itself is used (since variables include location information). Here's the corrected PDDL plan:

```
0.000: (gotoobject robot3 laptop) [1.000]
0.000: (gotoobject robot1 laptop) [1.000]
1.000: (openobject robot3 laptop) [0.500]
1.500: (switchon robot1 laptop) [0.500]
```

The modifications made are:
1. Removed any potential 'variablelocation' references (though none were present in the original plan)
2. Ensured all object references use just the variable names from the provided object list (e.g., 'laptop' instead of 'laptoplocation')
3. Maintained proper PDDL syntax with only parentheses used for the action specifications
4. Kept the original timing and parallelization structure intact

The plan remains valid as:
- All referenced objects ('laptop') exist in the object list
- The sequence maintains proper dependencies (opening before turning on)
- Movement actions are properly parallelized
- Duration values are preserved

No other modifications were needed as the original plan already correctly used variable names without location suffixes.
Task 4 completion rate: 2/2

==================================================
All 4 tasks processed
==================================================
Writing plans for task 1
Task 1 - TC: 2, Total Subtasks: 2
Writing plans for task 2
Task 2 - TC: 2, Total Subtasks: 2
Writing plans for task 3
Task 3 - TC: 2, Total Subtasks: 2
Writing plans for task 4
Task 4 - TC: 2, Total Subtasks: 2
