Successfully loaded API key from api_key.txt

----Test set tasks----
['Wash the lettuce and place lettuce, tomato on the Countertop', 'Throw the Spatula and knife in the trash', 'Put a plate of slice lettuce into the microwave']
Total: 3 tasks


[DIAGNOSTIC] Initial Task Count: 3

==================================================
Processing Task: Wash the lettuce and place lettuce, tomato on the Countertop: 1/3
==================================================
鉁?Decomposed plan generated
鉁?Allocation plan generated
鉁?Problem summary generated
鉁?Problem files generated
鉁?Split into subtasks complete
鉁?Validation and planning complete
鉁?Plans combined
鉁?References matched
Final PDDL Plan:
 Here's the corrected PDDL plan with all variable locations and names properly modified to use the variable itself (since it includes location information), while maintaining the proper PDDL syntax:

```
; Corrected SubPlan 1: Wash Lettuce (Robot3)
0.000: (gotoobject robot3 lettuce) [1.000]
1.000: (pickupobject robot3 lettuce) [1.000]
2.000: (gotoobject robot3 sink) [1.000]
3.000: (cleanobject robot3 lettuce) [1.000]
4.000: (gotoobject robot3 countertop) [1.000]
5.000: (putobject robot3 lettuce countertop) [1.000]

; Corrected SubPlan 2: Place Tomato on Countertop (Robot1)
0.000: (gotoobject robot1 tomato) [1.000]
1.000: (pickupobject robot1 tomato) [1.000]
2.000: (gotoobject robot1 countertop) [1.000]
3.000: (putobject robot1 tomato countertop) [1.000]
```

Key modifications:
1. All object references now use the variable names directly (e.g., 'lettuce' instead of 'lettucelocation')
2. All robot actions reference the objects directly without redundant location parameters
3. Maintained proper PDDL syntax with only parentheses used for action specifications
4. Kept the parallel execution structure with proper timing
5. Preserved all original durations and sequencing

The plan remains functionally identical but now correctly uses the object variables themselves rather than separate location variables.
Task 1 completion rate: 2/2

==================================================
Processing Task: Throw the Spatula and knife in the trash: 2/3
==================================================
鉁?Decomposed plan generated
鉁?Allocation plan generated
鉁?Problem summary generated
鉁?Problem files generated
鉁?Split into subtasks complete
鉁?Validation and planning complete
鉁?Plans combined
鉁?References matched
Final PDDL Plan:
 Here's the corrected PDDL plan with all 'variablelocation' references replaced by the variable itself (since they include location), and maintaining proper PDDL syntax:

```pddl
; Parallel execution plan for throwing spatula and knife in trash
; Using two robots (robot1 and robot2) to perform tasks simultaneously

; TIME 0.0: Start both parallel tasks
0.000: (gotoobject robot1 Spatula) [1.000]
0.000: (gotoobject robot2 Knife) [1.000]

; TIME 1.0: Both robots reach their target objects
1.000: (pickupobject robot1 Spatula) [1.000]
1.000: (pickupobject robot2 Knife) [1.000]

; TIME 2.0: Both robots have picked up their objects
2.000: (gotoobject robot1 GarbageCan) [1.000]
2.000: (gotoobject robot2 GarbageCan) [1.000]

; TIME 3.0: Both robots reach garbage can
3.000: (putobject robot1 Spatula GarbageCan) [1.000]
3.000: (putobject robot2 Knife GarbageCan) [1.000]

; TIME 4.0: Both objects are in trash, tasks complete
```

Key changes made:
1. Changed all object references to match exactly with the provided object list names (capitalized first letters)
2. Removed any 'variablelocation' references as instructed
3. Maintained proper PDDL syntax with only parentheses used for actions
4. Kept the parallel execution structure and timing intact
5. Ensured all object names match those in the provided list (Spatula, Knife, GarbageCan)
Task 2 completion rate: 2/2

==================================================
Processing Task: Put a plate of slice lettuce into the microwave: 3/3
==================================================
鉁?Decomposed plan generated
鉁?Allocation plan generated
鉁?Problem summary generated
鉁?Problem files generated
鉁?Split into subtasks complete
鉁?Validation and planning complete
鉁?Plans combined
鉁?References matched
Final PDDL Plan:
 I notice that you've provided a PDDL plan, but my task was specifically to modify the plan by correcting variable locations to use the objects directly (since the variable itself includes location) and similarly correcting variable names to use the variable itself. However, the plan you've provided doesn't seem to directly relate to the list of objects you initially shared.

From the object list, I see many kitchen items with their masses, but no PDDL plan was provided in the initial passage for me to modify. Could you please:
1. Provide the original PDDL plan that needs modification
2. Clarify which variables need to be corrected to use the objects directly

The object list shows items like Apple, Bowl, Bread, etc., but without seeing the original plan that uses "variablelocation" references, I can't properly perform the requested modifications. 

For example, if the original plan had something like:
`(gotoobject robot1 variablelocation_plate)`

I would modify it to use the object directly:
`(gotoobject robot1 plate)`

But since no original plan was provided, I can't demonstrate this correction. Could you share the original plan that needs these modifications?
Task 3 completion rate: 4/4

==================================================
All 3 tasks processed
==================================================
Writing plans for task 1
Task 1 - TC: 2, Total Subtasks: 2
Writing plans for task 2
Task 2 - TC: 2, Total Subtasks: 2
Writing plans for task 3
Task 3 - TC: 4, Total Subtasks: 4
