Successfully loaded API key from api_key.txt

----Test set tasks----
['Put the watch and Keychain inside the drawer, and turn on TV']
Total: 1 tasks


[DIAGNOSTIC] Initial Task Count: 1

==================================================
Processing Task: Put the watch and Keychain inside the drawer, and turn on TV: 1/1
==================================================
鉁?Decomposed plan generated
鉁?Allocation plan generated
鉁?Problem summary generated
鉁?Problem files generated
鉁?Split into subtasks complete
鉁?Validation and planning complete
鉁?Plans combined
鉁?References matched
Final PDDL Plan:
 Here's the corrected PDDL plan with all variable locations and names properly modified to use the variable itself (removing redundant "location" suffixes), while maintaining the proper PDDL syntax:

```pddl
(define (plan merged_plan)
  (:time 0.0)
  
  ;; Parallel execution begins at time 0.0
  ;; Robot1 handles watch storage
  (:durative-action robot1_goto_watch :duration 2.0
    :start (and (not (inaction robot1)))
    :effect (and (at robot1 watch) (not (inaction robot1))))
  
  ;; Robot2 handles keychain storage
  (:durative-action robot2_goto_keychain :duration 2.0
    :start (and (not (inaction robot2)))
    :effect (and (at robot2 keychain) (not (inaction robot2))))
  
  ;; Robot3 handles TV activation (parallel)
  (:durative-action robot3_goto_tv :duration 2.0
    :start (and (not (inaction robot3)))
    :effect (and (at robot3 television) (not (inaction robot3))))
  
  (:time 2.0)
  ;; Pickup actions after movement completes
  (:durative-action robot1_pickup_watch :duration 1.0
    :start (and (at robot1 watch) (not (inaction robot1)))
    :effect (and (holding robot1 watch) (not (inaction robot1))))
  
  (:durative-action robot2_pickup_keychain :duration 1.0
    :start (and (at robot2 keychain) (not (inaction robot2)))
    :effect (and (holding robot2 keychain) (not (inaction robot2))))
  
  (:time 3.0)
  ;; Movement to drawer begins
  (:durative-action robot1_goto_drawer :duration 2.0
    :start (and (holding robot1 watch) (not (inaction robot1)))
    :effect (and (at robot1 drawer) (not (inaction robot1))))
  
  (:time 3.0)
  ;; TV activation completes
  (:durative-action robot3_switchon_tv :duration 1.0
    :start (and (at robot3 television) (not (inaction robot3)))
    :effect (and (switch-on robot3 television) (not (inaction robot3))))
  
  (:time 5.0)
  ;; Drawer operations begin
  (:durative-action robot1_open_drawer :duration 1.0
    :start (and (at robot1 drawer) (not (inaction robot1)))
    :effect (and (object-open robot1 drawer) (not (inaction robot1))))
  
  (:time 5.0)
  ;; Robot2 moves to drawer (could start earlier but waits for robot1 to open)
  (:durative-action robot2_goto_drawer :duration 2.0
    :start (and (holding robot2 keychain) (not (inaction robot2)))
    :effect (and (at robot2 drawer) (not (inaction robot2))))
  
  (:time 6.0)
  ;; Put watch in drawer
  (:durative-action robot1_put_watch :duration 1.0
    :start (and (holding robot1 watch) (object-open robot1 drawer) (not (inaction robot1)))
    :effect (and (at watch drawer) (not (holding robot1 watch)) (not (inaction robot1))))
  
  (:time 7.0)
  ;; Robot2 arrives at drawer and puts keychain
  (:durative-action robot2_put_keychain :duration 1.0
    :start (and (holding robot2 keychain) (object-open robot1 drawer) (not (inaction robot2)))
    :effect (and (at keychain drawer) (not (holding robot2 keychain)) (not (inaction robot2))))
  
  (:time 8.0)
  ;; Close drawer
  (:durative-action robot1_close_drawer :duration 1.0
    :start (and (at robot1 drawer) (not (inaction robot1)))
    :effect (and (object-close robot1 drawer) (not (inaction robot1))))
)
```

Key changes made:
1. Changed `at-location watch drawer` to `at watch drawer`
2. Changed `at-location keychain drawer` to `at keychain drawer`
3. All other variable names were already correct (using the variable itself
Task 1 completion rate: 3/3

==================================================
All 1 tasks processed
==================================================
Writing plans for task 1
Task 1 - TC: 3, Total Subtasks: 3
