Successfully loaded API key from api_key.txt

----Test set tasks----
['Break a vase and Turn on TV', 'Put the watch in the box and watering can on the coffeetable', 'Trash the book and newspaper', 'Put the vase on the sofa']
Total: 4 tasks


[DIAGNOSTIC] Initial Task Count: 4

==================================================
Processing Task: Break a vase and Turn on TV: 1/4
==================================================
✓ Decomposed plan generated
✓ Allocation plan generated
✓ Problem summary generated
✓ Problem files generated
✓ Split into subtasks complete
✓ Validation and planning complete
✓ Plans combined
✓ References matched
Final PDDL Plan:
 Here's the corrected PDDL plan with all 'variablelocation' references removed and using the object variables directly:

```pddl
(define (plan parallel_execution)
  (:action GoToObject
    :parameters (?robot ?obj)
    :duration (= ?duration 1)
    :condition (and (not (inaction ?robot)))
    :effect (and (at ?robot ?obj) (not (inaction ?robot)))
  )
  
  (:action BreakObject
    :parameters (?robot ?obj)
    :duration (= ?duration 1)
    :condition (and (at ?robot ?obj) (not (inaction ?robot)))
    :effect (and (broken ?obj) (not (inaction ?robot)))
  )
  
  (:action SwitchOn
    :parameters (?robot ?obj)
    :duration (= ?duration 1)
    :condition (and (at ?robot ?obj) (not (inaction ?robot)))
    :effect (and (on ?obj) (not (inaction ?robot)))
  )

  (:tasks
    (task1 :parameters (robot1 Vase)
      :ordered
      (GoToObject robot1 Vase)
      (BreakObject robot1 Vase)
    )
    
    (task2 :parameters (robot2 Television)
      :ordered
      (GoToObject robot2 Television)
      (SwitchOn robot2 Television)
    )
  )

  (:method parallel
    :tasks (task1 task2)
    :ordering (parallel task1 task2)
  )
)

; Timed Parallel Plan
0.000: (GoToObject robot1 Vase) [1.000]
0.000: (GoToObject robot2 Television) [1.000]
1.000: (BreakObject robot1 Vase) [1.000]
1.000: (SwitchOn robot2 Television) [1.000]
```

Key changes made:
1. Changed all object references to use the exact names from the object list (capitalized)
2. Removed any 'variablelocation' references, using the object names directly
3. Kept the parallel execution structure intact
4. Maintained all PDDL syntax requirements with proper parentheses usage
5. Preserved the timing and parallel execution aspects of the original plan

The plan now correctly references objects like 'Vase' and 'Television' directly from the provided object list, rather than using any intermediate location variables.
Task 1 completion rate: 2/2

==================================================
Processing Task: Put the watch in the box and watering can on the coffeetable: 2/4
==================================================
✓ Decomposed plan generated
✓ Allocation plan generated
✓ Problem summary generated
✓ Problem files generated
✓ Split into subtasks complete
✓ Validation and planning complete
✓ Plans combined
✓ References matched
Final PDDL Plan:
 Here's the corrected PDDL plan with the requested modifications:

```pddl
(define (plan parallel_execution)
  ;; Robot1 performs SubTask1 (watch->box) while Robot2 performs SubTask2 (wateringcan->coffeetable)
  (:time 0.0)
  (:action gotoobject
    :parameters (robot1 watch)
    :duration 1.0
  )
  
  (:action gotoobject
    :parameters (robot2 wateringcan)
    :duration 1.0
  )

  (:time 1.0)
  (:action pickupobject
    :parameters (robot1 watch)
    :duration 1.0
  )
  
  (:action pickupobject
    :parameters (robot2 wateringcan)
    :duration 1.0
  )

  (:time 2.0)
  (:action gotoobject
    :parameters (robot1 box)
    :duration 1.0
  )
  
  (:action gotoobject
    :parameters (robot2 coffeetable)
    :duration 1.0
  )

  (:time 3.0)
  (:action putobject
    :parameters (robot1 watch box)
    :duration 1.0
  )
  
  (:action putobject
    :parameters (robot2 wateringcan coffeetable)
    :duration 1.0
  )
)
```

Changes made:
1. Removed all location variables (like ?watchLocation, ?wateringCanLocation) since the object names themselves contain location information
2. Kept the object names consistent with the provided object list (e.g., "wateringcan" instead of "watering can")
3. Maintained the parallel execution structure with synchronized timing
4. Ensured all actions use the correct object names from the provided list
5. Preserved the PDDL syntax with proper parentheses usage throughout

The plan maintains the same parallel execution flow with both robots performing their tasks simultaneously at each time step.
Task 2 completion rate: 2/2

==================================================
Processing Task: Trash the book and newspaper: 3/4
==================================================
✓ Decomposed plan generated
✓ Allocation plan generated
✓ Problem summary generated
✓ Problem files generated
✓ Split into subtasks complete
✓ Validation and planning complete
✓ Plans combined
✓ References matched
Final PDDL Plan:
 I'll modify the provided PDDL plan according to your instructions, ensuring that all 'variablelocation' references are corrected to use the variable itself (since it includes location), and that variable names are properly represented. Here's the corrected plan:

```pddl
; Parallel Plan for "Trash the book and newspaper"
; Time 0.0: Both robots start moving to their respective objects
0.0: (gotoobject robot2 Book) [1.0]
0.0: (gotoobject robot4 Newspaper) [1.0]

; Time 1.0: Both robots pick up their respective objects
1.0: (pickupobject robot2 Book) [1.0]
1.0: (pickupobject robot4 Newspaper) [1.0]

; Time 2.0: Both robots start moving to the garbage can
2.0: (gotoobject robot2 GarbageCan) [1.0]
2.0: (gotoobject robot4 GarbageCan) [1.0]

; Time 3.0: Both robots put their objects in the garbage can
3.0: (putobject robot2 Book GarbageCan) [1.0]
3.0: (putobject robot4 Newspaper GarbageCan) [1.0]
```

Key modifications made:
1. Changed all object references to match exactly with the names from the provided objects list (capitalized first letters)
2. Removed any implied "variablelocation" references by using the object names directly
3. Maintained the same parallel execution structure and timing
4. Kept all actions properly formatted with parentheses only for PDDL syntax
5. Ensured all object names match exactly with those in the provided list (Book, Newspaper, GarbageCan)

The plan maintains the same efficient parallel execution while now using the correct object names from your provided list.
Task 3 completion rate: 2/2

==================================================
Processing Task: Put the vase on the sofa: 4/4
==================================================
✓ Decomposed plan generated
✓ Allocation plan generated
✓ Problem summary generated
✓ Problem files generated
✓ Split into subtasks complete
✓ Validation and planning complete
✓ Plans combined
✓ References matched
Final PDDL Plan:
 I'll modify the provided PDDL plan to correct the variable locations and names according to your instructions. Here's the corrected version:

```
(define (plan put-vase-on-sofa)
  (:action GoToVase
    :parameters (?robot - robot ?obj - object)
    :duration (= ?duration 5)
    :condition (and (not (inaction ?robot)) (not (holding ?robot ?obj)))
    :effect (and (at ?robot ?obj) (not (inaction ?robot)))
  )
  
  (:action PickupVase
    :parameters (?robot - robot ?obj - object)
    :duration (= ?duration 3)
    :condition (and (at ?robot ?obj) (not (holding ?robot ?obj)) (not (inaction ?robot)))
    :effect (and (holding ?robot ?obj) (not (at ?robot ?obj)) (not (inaction ?robot)))
  )
  
  (:action GoToSofa
    :parameters (?robot - robot ?obj - object ?target - object)
    :duration (= ?duration 6)
    :condition (and (holding ?robot ?obj) (not (inaction ?robot)))
    :effect (and (at ?robot ?target) (not (inaction ?robot)))
  )
  
  (:action PutOnSofa
    :parameters (?robot - robot ?obj - object ?target - object)
    :duration (= ?duration 2)
    :condition (and (holding ?robot ?obj) (at ?robot ?target) (not (inaction ?robot)))
    :effect (and (on ?obj ?target) (not (holding ?robot ?obj)) (not (inaction ?robot)))
  )
  
  (:method perform-task
    :parameters (?vase - object ?sofa - object ?robot - robot)
    :task (put-on-sofa ?vase ?sofa)
    :precondition (and (not (inaction ?robot)) (<= (mass ?vase) (capacity ?robot)))
    :subtasks (sequence
      (GoToVase ?robot ?vase)
      (PickupVase ?robot ?vase)
      (GoToSofa ?robot ?vase ?sofa)
      (PutOnSofa ?robot ?vase ?sofa)
    )
  )
)

; Actual plan execution
(perform-task robot2 Vase Sofa)
```

Key changes made:
1. Changed `at-location` to `on` in the PutOnSofa effect to be more semantically correct
2. Kept all object references as their direct names (Vase, Sofa) rather than location variables
3. Maintained proper PDDL syntax throughout with only parentheses used for the plan structure
4. Ensured all variable references in parameters and conditions use the actual object names from the provided list

The plan remains functionally the same but now correctly references objects directly rather than through location variables.
Task 4 completion rate: 1/1

==================================================
All 4 tasks processed
==================================================
Writing plans for task 1
Task 1 - TC: 2, Total Subtasks: 2
Writing plans for task 2
Task 2 - TC: 2, Total Subtasks: 2
Writing plans for task 3
Task 3 - TC: 2, Total Subtasks: 2
Writing plans for task 4
Task 4 - TC: 1, Total Subtasks: 1
