Successfully loaded API key from api_key.txt

----Test set tasks----
['Execute a chaotic living room reset', 'Organize personal inventory and garden tools', 'De-clutter the reading area', 'Stage the furniture for a home staging photoshoot']
Total: 4 tasks


[DIAGNOSTIC] Initial Task Count: 4

==================================================
Processing Task: Execute a chaotic living room reset: 1/4
==================================================
鉁?Decomposed plan generated
鉁?Allocation plan generated
鉁?Problem summary generated
No team robot domains found; skipping team prompt.
鉁?Problem files generated
鉁?Split into subtasks complete
鉁?Validation and planning complete
鉁?Plans combined
鉁?References matched
Final PDDL Plan:
 I'll modify the PDDL plan to correct the variable names as requested, ensuring that all 'variablelocation' references are replaced with the actual variable names from the objects list. Here's the corrected plan:

```pddl
(define (plan livingroom_reset)
    (:timepoints
        t0 t1 t2 t3 t4 t5 t6 t7 t8 t9 t10 t11 t12 t13 t14
    )
    
    (:actions
        ; Robot1 actions
        [t0, t1]: (gotoobject robot1 television)
        [t1, t2]: (switchoff robot1 television)
        [t2, t3]: (gotoobject robot1 drawer)
        [t3, t4]: (closeobject robot1 drawer)
        [t4, t5]: (gotoobject robot1 book)
        [t5, t6]: (pickupobject robot1 book)
        [t6, t7]: (gotoobject robot1 shelf)
        [t7, t8]: (putobject robot1 book shelf)
        
        ; Robot2 actions (parallel with Robot1)
        [t0, t1]: (gotoobject robot2 floorlamp)
        [t1, t2]: (switchoff robot2 floorlamp)
        [t2, t3]: (gotoobject robot2 drawer)
        [t3, t4]: (closeobject robot2 drawer)
        [t4, t5]: (gotoobject robot2 remotecontrol)
        [t5, t6]: (pickupobject robot2 remotecontrol)
        [t6, t7]: (gotoobject robot2 coffeetable)
        [t7, t8]: (putobject robot2 remotecontrol coffeetable)
        [t8, t9]: (gotoobject robot2 coffeetable)
        [t9, t10]: (cleanobject robot2 coffeetable)
        
        ; Robot3 actions (parallel with others)
        [t0, t1]: (gotoobject robot3 drawer)
        [t1, t2]: (closeobject robot3 drawer)
        [t2, t3]: (gotoobject robot3 newspaper)
        [t3, t4]: (pickupobject robot3 newspaper)
        [t4, t5]: (gotoobject robot3 sidetable)
        [t5, t6]: (putobject robot3 newspaper sidetable)
        [t6, t7]: (gotoobject robot3 pillow)
        [t7, t8]: (pickupobject robot3 pillow)
        [t8, t9]: (gotoobject robot3 sofa)
        [t9, t10]: (putobject robot3 pillow sofa)
        [t10, t11]: (gotoobject robot3 sidetable)
        [t11, t12]: (cleanobject robot3 sidetable)
        [t12, t13]: (gotoobject robot3 sidetable)
        [t13, t14]: (cleanobject robot3 sidetable)
    )
    
    (:temporal
        ; Ensure verification happens after all actions
        (at end (verifyelectronics))
        (at end (verifydrawers))
        (at end (verifyobjects))
        (at end (verifysurfaces))
    )
)
```

Key changes made:
1. Removed all numbered instances (drawer1, drawer2, etc.) and replaced with the base object name 'drawer' since the object list shows multiple drawers with the same name
2. Removed 'sidetable1' and 'sidetable2' and replaced with 'sidetable' since the object list shows multiple side tables with the same name
3. Ensured all object names match exactly with those in the provided objects list
4. Added missing timepoints (t11-t14) to accommodate all actions
5. Kept all other aspects of the plan structure identical (parallel execution, temporal constraints, etc.)

The plan now correctly references the objects from the provided list without any location-specific modifications to the names.
Task 1 completion rate: 4/4

==================================================
Processing Task: Organize personal inventory and garden tools: 2/4
==================================================
鉁?Decomposed plan generated
鉁?Allocation plan generated
鉁?Problem summary generated
鉁?Problem files generated
鉁?Split into subtasks complete
鉁?Validation and planning complete
鉁?Plans combined
鉁?References matched
Final PDDL Plan:
 Based on your instructions, I'll modify the provided PDDL plan to correct the variable locations and names according to the object list you provided. Here's the corrected plan:

```pddl
(define (plan organize-objects)
  (:parallel
    ;; Robot1 handling heavy objects
    (:sequence
      (gotoobject robot1 ArmChair)
      (pickupobject robot1 ArmChair)
      (gotoobject robot1 Dresser)
      (putobject robot1 ArmChair Dresser)
      
      (gotoobject robot1 Sofa)
      (pickupobject robot1 Sofa)
      (gotoobject robot1 Dresser)
      (putobject robot1 Sofa Dresser)
      
      (gotoobject robot1 CoffeeTable)
      (pickupobject robot1 CoffeeTable)
      (gotoobject robot1 SideTable)
      (putobject robot1 CoffeeTable SideTable)
    )
    
    ;; Robot2 handling smaller objects
    (:sequence
      (gotoobject robot2 Book)
      (pickupobject robot2 Book)
      (gotoobject robot2 Shelf)
      (putobject robot2 Book Shelf)
      
      (gotoobject robot2 Laptop)
      (pickupobject robot2 Laptop)
      (gotoobject robot2 Shelf)
      (putobject robot2 Laptop Shelf)
      
      (gotoobject robot2 Vase)
      (pickupobject robot2 Vase)
      (gotoobject robot2 Shelf)
      (putobject robot2 Vase Shelf)
      
      (gotoobject robot2 RemoteControl)
      (pickupobject robot2 RemoteControl)
      (gotoobject robot2 Drawer)
      (putobject robot2 RemoteControl Drawer)
    )
  )
)
```

Key changes made:
1. All variable locations have been replaced with the actual object names from your list
2. The plan now uses only the objects from your provided list (ArmChair, Dresser, Sofa, etc.)
3. Maintained proper PDDL syntax with only parentheses for the plan structure
4. Organized objects by mass with robot1 handling heavier objects and robot2 handling lighter ones
5. Kept the parallel execution structure with two robots working simultaneously
6. Each object is properly referenced by its exact name from your list (case-sensitive)

The plan follows your instruction to only modify the variable names to match the actual objects from your list, while maintaining proper PDDL format.
Task 2 completion rate: 1/3

==================================================
Processing Task: De-clutter the reading area: 3/4
==================================================
鉁?Decomposed plan generated
鉁?Allocation plan generated
鉁?Problem summary generated
鉁?Problem files generated
鉁?Split into subtasks complete
鉁?Validation and planning complete
鉁?Plans combined
鉁?References matched
Final PDDL Plan:
 Here's the corrected PDDL plan with variable names properly modified (removing 'variablelocation' format and using the variable itself since it includes location):

```
; Corrected and Parallelized Plan for De-cluttering the Reading Area
; Robot allocations:
; - robot4 handles books (shelf)
; - robot1 handles newspaper (recycling_bin) and remote (sidetable)
; - robot3 handles pens (drawer)

; Parallel execution starts at time 0
0.000: (gotoobject robot4 Book) [1.000]
0.000: (gotoobject robot1 Newspaper) [1.000]
0.000: (gotoobject robot1 RemoteControl) [1.000]
0.000: (gotoobject robot3 Pen) [1.000]

; First actions complete at time 1.000
1.000: (pickupobject robot4 Book CoffeeTable) [1.000]
1.000: (pickupobject robot1 Newspaper CoffeeTable) [1.000]
1.000: (pickupobject robot1 RemoteControl CoffeeTable) [1.000]
1.000: (pickupobject robot3 Pen SideTable) [1.000]

; Pickup actions complete at time 2.000
2.000: (gotoobject robot4 Shelf) [1.000]
2.000: (gotoobject robot1 recycling_bin) [1.000]
2.000: (gotoobject robot1 SideTable) [1.000]
2.000: (gotoobject robot3 Drawer) [1.000]

; Movement to destinations complete at time 3.000
3.000: (putobject robot4 Book Shelf) [1.000]
3.000: (putobject robot1 Newspaper recycling_bin) [1.000]
3.000: (putobject robot1 RemoteControl SideTable) [1.000]
3.000: (openobject robot3 Drawer) [1.000]

; Most put actions complete at time 4.000, drawer needs extra steps
4.000: (putobject robot3 Pen Drawer) [1.000]
5.000: (closeobject robot3 Drawer) [1.000]

; All tasks complete by time 6.000
```

Key modifications made:
1. Changed all object references to match the exact names from the objects list (e.g., 'book' → 'Book', 'remotecontrol' → 'RemoteControl')
2. Changed location references to match object names where applicable (e.g., 'sidetable' → 'SideTable')
3. Kept special location names like 'recycling_bin' as they appear to be fixed locations
4. Maintained proper PDDL syntax throughout
5. Preserved all timing and parallelization aspects of the original plan
6. Ensured all object names match exactly with the provided objects list (capitalization and spelling)

The plan maintains the same structure and timing as the original, but now uses the correct object names from the provided list.
Task 3 completion rate: 4/4

==================================================
Processing Task: Stage the furniture for a home staging photoshoot: 4/4
==================================================
鉁?Decomposed plan generated
鉁?Allocation plan generated
鉁?Problem summary generated
鉁?Problem files generated
鉁?Split into subtasks complete
鉁?Validation and planning complete
鉁?Plans combined
鉁?References matched
Final PDDL Plan:
 I'll modify the provided PDDL plan to correct the variable names according to your instructions, ensuring that all 'variablelocation' references are replaced with the variable itself (since the variable includes location information), and maintaining proper PDDL syntax with parentheses only used for the plan structure.

Here's the corrected plan:

```pddl
; Corrected PDDL plan with proper variable naming
; Robot1 handles living room furniture while robot2 handles bedroom furniture and lighting

0.000: (gotoobject robot1 sofa) [1.000]
0.000: (gotoobject robot2 dresser) [1.000]
1.000: (pickupobject robot1 sofa) [1.000]
1.000: (pickupobject robot2 dresser) [1.000]
2.000: (putobject robot1 sofa livingroomwall) [1.000]
2.000: (putobject robot2 dresser bedroomwall) [1.000]
3.000: (gotoobject robot1 coffeetable) [1.000]
3.000: (gotoobject robot2 sidetable) [1.000]
4.000: (pickupobject robot1 coffeetable) [1.000]
4.000: (pickupobject robot2 sidetable) [1.000]
5.000: (putobject robot1 coffeetable infrontofsofa) [1.000]
5.000: (putobject robot2 sidetable besidebed) [1.000]
6.000: (gotoobject robot2 lightswitch) [1.000]
7.000: (switchon robot2 lightswitch) [1.000]
```

Key modifications made:
1. All object references now use the variable names directly from the provided object list
2. Location information is maintained where needed (like "livingroomwall", "bedroomwall") as these appear to be specific location identifiers
3. The plan structure and timing remain unchanged
4. All actions maintain proper PDDL syntax with parentheses only used for the action specifications
5. No "variablelocation" constructs remain in the plan

The plan still maintains:
- Parallel execution where possible
- Proper sequencing of dependent actions
- Correct timing annotations
- Efficient allocation of tasks between robots
- All necessary PDDL syntax requirements

Note that the location identifiers (like "livingroomwall", "infrontofsofa") are preserved as they appear to be specific named locations in the environment rather than object variables.
Task 4 completion rate: 4/4

==================================================
All 4 tasks processed
==================================================
Writing plans for task 1
Task 1 - TC: 4, Total Subtasks: 4
Writing plans for task 2
Task 2 - TC: 1, Total Subtasks: 3
Writing plans for task 3
Task 3 - TC: 4, Total Subtasks: 4
Writing plans for task 4
Task 4 - TC: 4, Total Subtasks: 4
