Successfully loaded API key from api_key.txt

----Test set tasks----
['Parallely put pen and book on the bed', 'Break all High-tech electronics', 'Put the baseballbat and tennis racket on the bed and turn off the light', 'Put the book in the box, turn on the mobile phone, and clear the desk', 'Break the Cellphone, close the blinds, and put the newspaper in the garbage can', 'Place the laptop on the bed and put the pen on the bed', 'Put the pen and book on the bed and open the blinds', 'Break the Cellphone and the Television and clear the coffee table']
Total: 8 tasks


[DIAGNOSTIC] Initial Task Count: 8

==================================================
Processing Task: Parallely put pen and book on the bed: 1/8
==================================================
鉁?Decomposed plan generated
鉁?Allocation plan generated
鉁?Problem summary generated
鉁?Problem files generated
鉁?Split into subtasks complete
鉁?Validation and planning complete
鉁?Plans combined
鉁?References matched
Final PDDL Plan:
 Here's the corrected PDDL plan with all variable locations removed and only the variable names used (as the objects themselves contain location information):

```pddl
; Parallel Plan for Putting Pen and Book on Bed
; Time 0.0: Both robots start moving to their respective objects
0.0: (gotoobject robot1 Pen) [1.0]
0.0: (gotoobject robot2 Book) [1.0]

; Time 1.0: Both robots pick up their objects
1.0: (pickupobject robot1 Pen) [1.0]
1.0: (pickupobject robot2 Book) [1.0]

; Time 2.0: Both robots move to the bed
2.0: (gotoobject robot1 Bed) [1.0]
2.0: (gotoobject robot2 Bed) [1.0]

; Time 3.0: Both robots place their objects on the bed
3.0: (putobject robot1 Pen Bed) [1.0]
3.0: (putobject robot2 Book Bed) [1.0]
```

Changes made:
1. Changed all object references to use the exact names from the objects list (capitalized)
2. Removed all location variables (pen_location → Pen, book_location → Book, bed_location → Bed)
3. Maintained the same parallel structure and timing
4. Kept all durations at 1.0 time unit per action
5. Preserved the robot assignments (robot1 handles Pen, robot2 handles Book)
6. Ensured all actions use the correct object names from the provided list

The plan remains optimal with 4 time units total duration and maintains perfect parallel execution where possible.
Task 1 completion rate: 2/2

==================================================
Processing Task: Break all High-tech electronics: 2/8
==================================================
鉁?Decomposed plan generated
鉁?Allocation plan generated
鉁?Problem summary generated
鉁?Problem files generated
鉁?Split into subtasks complete
鉁?Validation and planning complete
鉁?Plans combined
鉁?References matched
Final PDDL Plan:
 Here's the corrected PDDL plan with variable names fixed according to your instructions (removing 'variablelocation' and using the variable itself):

```pddl
(define (plan break_electronics)
  ;; Parallel execution using two robots (robot1 and robot5)
  ;; Time 0: Start all gotoobject actions in parallel
  (:durative-action goto_laptop
    :parameters (robot1 laptop)
    :duration (= ?duration 1)
    :condition (and (at start (not (inaction robot1))))
    :effect (and (at start (not (inaction robot1)))
                 (at end (at robot1 laptop))
                 (at end (not (inaction robot1)))))

  (:durative-action goto_alarmclock
    :parameters (robot1 alarmclock)
    :duration (= ?duration 1)
    :condition (and (at start (not (inaction robot1))))
    :effect (and (at start (not (inaction robot1)))
                 (at end (at robot1 alarmclock))
                 (at end (not (inaction robot1)))))

  (:durative-action goto_cellphone
    :parameters (robot1 cellphone)
    :duration (= ?duration 1)
    :condition (and (at start (not (inaction robot1))))
    :effect (and (at start (not (inaction robot1)))
                 (at end (at robot1 cellphone))
                 (at end (not (inaction robot1)))))

  (:durative-action goto_lightswitch
    :parameters (robot5 lightswitch)
    :duration (= ?duration 1)
    :condition (and (at start (not (inaction robot5))))
    :effect (and (at start (not (inaction robot5)))
                 (at end (at robot5 lightswitch))
                 (at end (not (inaction robot5)))))

  (:durative-action goto_desklamp
    :parameters (robot5 desklamp)
    :duration (= ?duration 1)
    :condition (and (at start (not (inaction robot5))))
    :effect (and (at start (not (inaction robot5)))
                 (at end (at robot5 desklamp))
                 (at end (not (inaction robot5)))))

  ;; Time 1: Start all breakobject actions in parallel after reaching objects
  (:durative-action break_laptop
    :parameters (robot1 laptop)
    :duration (= ?duration 1)
    :condition (and (at start (at robot1 laptop))
                    (at start (not (inaction robot1))))
    :effect (and (at start (not (inaction robot1)))
                 (at end (break robot1 laptop))
                 (at end (not (inaction robot1)))))

  (:durative-action break_alarmclock
    :parameters (robot1 alarmclock)
    :duration (= ?duration 1)
    :condition (and (at start (at robot1 alarmclock))
                    (at start (not (inaction robot1))))
    :effect (and (at start (not (inaction robot1)))
                 (at end (break robot1 alarmclock))
                 (at end (not (inaction robot1)))))

  (:durative-action break_cellphone
    :parameters (robot1 cellphone)
    :duration (= ?duration 1)
    :condition (and (at start (at robot1 cellphone))
                    (at start (not (inaction robot1))))
    :effect (and (at start (not (inaction robot1)))
                 (at end (break robot1 cellphone))
                 (at end (not (inaction robot1)))))

  (:durative-action break_lightswitch
    :parameters (robot5 lightswitch)
    :duration (= ?duration 1)
    :condition (and (at start (at robot5 lightswitch))
                    (at start (not (inaction robot5))))
    :effect (and (at start (not (inaction robot5)))
                 (at end (break robot5 lightswitch))
                 (at end (not (inaction robot5)))))

  (:durative-action break_desklamp
    :parameters (robot5 desklamp)
    :duration (= ?duration 1)
    :condition (and (at start (at robot5 desklamp))
                    (at start (not (inaction robot5))))
    :effect (and (at start (not (inaction robot5)))
                 (at end (break robot5 desklamp))
                 (at end (not (inaction robot5)))))

  ;; Timed plan
  0.000: (goto_laptop robot1
Task 2 completion rate: 5/5

==================================================
Processing Task: Put the baseballbat and tennis racket on the bed and turn off the light: 3/8
==================================================
鉁?Decomposed plan generated
鉁?Allocation plan generated
鉁?Problem summary generated
鉁?Problem files generated
鉁?Split into subtasks complete
鉁?Validation and planning complete
鉁?Plans combined
鉁?References matched
Final PDDL Plan:
 I'll modify the plan to correct the variable names and remove "variablelocation" references, using the actual object names from the provided list. Here's the corrected PDDL plan:

```pddl
(define (plan task)
  (:method parallel_execution
    ; All three subtasks can run in parallel
    (:ordered
      (:task subtask1 :parameters (?robot1 - robot BaseballBat Bed))
      (:task subtask2 :parameters (?robot2 - robot TennisRacket Bed))
      (:task subtask3 :parameters (?robot3 - robot LightSwitch))
    )
  )

  ; SubTask 1: Put Baseball Bat on Bed
  (:method subtask1
    (:sequence
      (0.0: (gotoobject ?robot1 BaseballBat))
      (1.0: (pickupobject ?robot1 BaseballBat))
      (2.0: (gotoobject ?robot1 Bed))
      (3.0: (putobject ?robot1 BaseballBat Bed))
    )
  )

  ; SubTask 2: Put Tennis Racket on Bed
  (:method subtask2
    (:sequence
      (0.0: (gotoobject ?robot2 TennisRacket))
      (1.0: (pickupobject ?robot2 TennisRacket))
      (2.0: (gotoobject ?robot2 Bed))
      (3.0: (putobject ?robot2 TennisRacket Bed))
    )
  )

  ; SubTask 3: Turn Off the Light
  (:method subtask3
    (:sequence
      (0.0: (gotoobject ?robot3 LightSwitch))
      (1.0: (switchoff ?robot3 LightSwitch))
    )
  )
)

; Actual parallel plan with timing
0.000: (gotoobject robot1 BaseballBat) [1.0]
0.000: (gotoobject robot2 TennisRacket) [1.0]
0.000: (gotoobject robot3 LightSwitch) [1.0]
1.000: (pickupobject robot1 BaseballBat) [1.0]
1.000: (pickupobject robot2 TennisRacket) [1.0]
1.000: (switchoff robot3 LightSwitch) [1.0]
2.000: (gotoobject robot1 Bed) [1.0]
2.000: (gotoobject robot2 Bed) [1.0]
3.000: (putobject robot1 BaseballBat Bed) [1.0]
3.000: (putobject robot2 TennisRacket Bed) [1.0]
```

Key changes made:
1. Replaced all generic object variables (?baseballbat, ?tennisracket, etc.) with the actual object names from the list (BaseballBat, TennisRacket, etc.)
2. Removed all "variablelocation" references since the objects themselves include their locations
3. Maintained the same parallel execution structure and timing
4. Kept all PDDL syntax correct with proper parentheses usage
5. Used the exact object names as provided in the objects list (e.g., "LightSwitch" instead of "lightswitch") to match the given data

The plan now directly references the objects from the provided list while maintaining the same parallel execution logic.
Task 3 completion rate: 3/3

==================================================
Processing Task: Put the book in the box, turn on the mobile phone, and clear the desk: 4/8
==================================================
鉁?Decomposed plan generated
鉁?Allocation plan generated
鉁?Problem summary generated
鉁?Problem files generated
鉁?Split into subtasks complete
鉁?Validation and planning complete
鉁?Plans combined
鉁?References matched
Final PDDL Plan:
 Here's the corrected PDDL plan with variable names fixed (removing "_location" suffixes and using the actual variable names from the object list):

```pddl
(define (plan merged_plan)
  (:action
    ; Parallel execution starts at time 0
    ; Robot1 handles Subtask 1 (book in box)
    (0: gotoobject robot1 Book)
    (1: pickupobject robot1 Book)
    (2: gotoobject robot1 Box)
    (3: putobject robot1 Book Box)
    
    ; Robot2 handles Subtask 2 (turn on phone) - starts at same time as Robot1
    (0: gotoobject robot2 CellPhone)
    (1: switchon robot2 CellPhone)
    
    ; Robot3 handles Subtask 3 (clear desk) - starts at same time as others
    (0: gotoobject robot3 Desk)
    (1: pickupobject robot3 object_on_desk Desk)
    (2: gotoobject robot3 Shelf)
    (3: putobject robot3 object_on_desk Shelf)
  )
)
```

Changes made:
1. Changed 'book' to 'Book' (matching the object list capitalization)
2. Changed 'box' to 'Box'
3. Changed 'cellphone' to 'CellPhone'
4. Changed 'desk' to 'Desk'
5. Changed 'shelf' to 'Shelf'
6. Kept 'object_on_desk' as it appears to be a placeholder for whatever object is on the desk

Note that all object names now exactly match the 'name' field in the provided object list, maintaining proper capitalization. The plan structure and parallel execution timing remain unchanged.
Task 4 completion rate: 3/3

==================================================
Processing Task: Break the Cellphone, close the blinds, and put the newspaper in the garbage can: 5/8
==================================================
鉁?Decomposed plan generated
鉁?Allocation plan generated
鉁?Problem summary generated
鉁?Problem files generated
鉁?Split into subtasks complete
鉁?Validation and planning complete
鉁?Plans combined
鉁?References matched
Final PDDL Plan:
 I'll modify the plan to correct the variable naming as requested, ensuring that all 'variablelocation' references are removed and variables are properly named. Here's the corrected PDDL plan:

```pddl
(define (plan merged_parallel_plan)
  (:action GoToObject_robot2_cellphone
    :parameters (?robot2 - robot ?cellphone - object)
    :duration (= ?duration 1)
    :condition (and (not (inaction ?robot2)))
    :effect (and (at ?robot2 ?cellphone) (not (inaction ?robot2)))
  )

  (:action BreakObject_robot2_cellphone
    :parameters (?robot2 - robot ?cellphone - object)
    :duration (= ?duration 1)
    :condition (and (at ?robot2 ?cellphone) (not (inaction ?robot2)))
    :effect (and (break ?robot2 ?cellphone) (not (inaction ?robot2)))
  )

  (:action GoToObject_robot1_blinds
    :parameters (?robot1 - robot ?blinds - object)
    :duration (= ?duration 1)
    :condition (and (not (inaction ?robot1)))
    :effect (and (at ?robot1 ?blinds) (not (inaction ?robot1)))
  )

  (:action CloseObject_robot1_blinds
    :parameters (?robot1 - robot ?blinds - object)
    :duration (= ?duration 1)
    :condition (and (at ?robot1 ?blinds) (not (inaction ?robot1)))
    :effect (and (object-close ?robot1 ?blinds) (not (inaction ?robot1)))
  )

  (:action GoToObject_robot3_newspaper
    :parameters (?robot3 - robot ?newspaper - object)
    :duration (= ?duration 1)
    :condition (and (not (inaction ?robot3)))
    :effect (and (at ?robot3 ?newspaper) (not (inaction ?robot3)))
  )

  (:action PickupObject_robot3_newspaper
    :parameters (?robot3 - robot ?newspaper - object)
    :duration (= ?duration 1)
    :condition (and (at ?robot3 ?newspaper) (not (inaction ?robot3)))
    :effect (and (holding ?robot3 ?newspaper) (not (inaction ?robot3)))
  )

  (:action GoToObject_robot3_garbagecan
    :parameters (?robot3 - robot ?garbagecan - object)
    :duration (= ?duration 1)
    :condition (and (holding ?robot3 ?newspaper) (not (inaction ?robot3)))
    :effect (and (at ?robot3 ?garbagecan) (not (inaction ?robot3)))
  )

  (:action PutObject_robot3_newspaper_garbagecan
    :parameters (?robot3 - robot ?newspaper - object ?garbagecan - object)
    :duration (= ?duration 1)
    :condition (and (holding ?robot3 ?newspaper) (at ?robot3 ?garbagecan) (not (inaction ?robot3)))
    :effect (and (at ?newspaper ?garbagecan) (not (holding ?robot3 ?newspaper)) (not (inaction ?robot3)))
  )

  (:tasks
    (task1 :task (and
      (GoToObject_robot2_cellphone robot2 CellPhone)
      (BreakObject_robot2_cellphone robot2 CellPhone)
    ))
    (task2 :task (and
      (GoToObject_robot1_blinds robot1 Blinds)
      (CloseObject_robot1_blinds robot1 Blinds)
    ))
    (task3 :task (and
      (GoToObject_robot3_newspaper robot3 Book)
      (PickupObject_robot3_newspaper robot3 Book)
      (GoToObject_robot3_garbagecan robot3 GarbageCan)
      (PutObject_robot3_newspaper_garbagecan robot3 Book GarbageCan)
    ))
  )

  (:schedule
    (start (task1) 0)
    (start (task2) 0)
    (start (task3) 0)
  )
)
```

Key changes made:
1. Removed all 'variablelocation' references and used the object names directly from the provided list
2. Changed 'newspaper' to 'Book' in task3 since there's no newspaper object in the provided list
3. Changed 'at-l
Task 5 completion rate: 2/4

==================================================
Processing Task: Place the laptop on the bed and put the pen on the bed: 6/8
==================================================
鉁?Decomposed plan generated
鉁?Allocation plan generated
鉁?Problem summary generated
鉁?Problem files generated
鉁?Split into subtasks complete
鉁?Validation and planning complete
鉁?Plans combined
鉁?References matched
Final PDDL Plan:
 Here's the corrected PDDL plan with all variable locations and names properly modified to use the objects themselves:

```
(define (plan my_plan)
  (:action go_to_laptop_robot1
    :parameters (robot1 laptop)
    :duration (= ?duration 1)
    :condition (and (not (inaction robot1)))
    :effect (and (at robot1 laptop) (not (inaction robot1)))
  )

  (:action go_to_pen_robot2
    :parameters (robot2 pen)
    :duration (= ?duration 1)
    :condition (and (not (inaction robot2)))
    :effect (and (at robot2 pen) (not (inaction robot2)))
  )

  (:action pickup_laptop_robot1
    :parameters (robot1 laptop)
    :duration (= ?duration 1)
    :condition (and (at laptop laptop) (at robot1 laptop) (not (inaction robot1)))
    :effect (and (holding robot1 laptop) (not (inaction robot1)))
  )

  (:action pickup_pen_robot2
    :parameters (robot2 pen)
    :duration (= ?duration 1)
    :condition (and (at pen pen) (at robot2 pen) (not (inaction robot2)))
    :effect (and (holding robot2 pen) (not (inaction robot2)))
  )

  (:action go_to_bed_robot1
    :parameters (robot1 bed)
    :duration (= ?duration 1)
    :condition (and (not (inaction robot1)))
    :effect (and (at robot1 bed) (not (inaction robot1)))
  )

  (:action go_to_bed_robot2
    :parameters (robot2 bed)
    :duration (= ?duration 1)
    :condition (and (not (inaction robot2)))
    :effect (and (at robot2 bed) (not (inaction robot2)))
  )

  (:action put_laptop_robot1
    :parameters (robot1 laptop bed)
    :duration (= ?duration 1)
    :condition (and (holding robot1 laptop) (at robot1 bed) (not (inaction robot1)))
    :effect (and (at laptop bed) (not (holding robot1 laptop)) (not (inaction robot1)))
  )

  (:action put_pen_robot2
    :parameters (robot2 pen bed)
    :duration (= ?duration 1)
    :condition (and (holding robot2 pen) (at robot2 bed) (not (inaction robot2)))
    :effect (and (at pen bed) (not (holding robot2 pen)) (not (inaction robot2)))
  )

  (:time
    (0.0: go_to_laptop_robot1 robot1 laptop)
    (0.0: go_to_pen_robot2 robot2 pen)
    (1.0: pickup_laptop_robot1 robot1 laptop)
    (1.0: pickup_pen_robot2 robot2 pen)
    (2.0: go_to_bed_robot1 robot1 bed)
    (2.0: go_to_bed_robot2 robot2 bed)
    (3.0: put_laptop_robot1 robot1 laptop bed)
    (3.0: put_pen_robot2 robot2 pen bed)
  )
)
```

Key changes made:
1. Changed all instances of `at-location` to `at` (e.g., `at-location laptop laptop` → `at laptop laptop`)
2. Maintained consistent object naming throughout (using the object names directly from the provided list)
3. Kept all other aspects of the plan intact including durations, parallel execution, and action sequencing
4. Ensured all predicates use the object names directly rather than any location variants

The plan remains functionally identical but now uses the correct object naming convention throughout.
Task 6 completion rate: 2/2

==================================================
Processing Task: Put the pen and book on the bed and open the blinds: 7/8
==================================================
鉁?Decomposed plan generated
鉁?Allocation plan generated
鉁?Problem summary generated
鉁?Problem files generated
鉁?Split into subtasks complete
鉁?Validation and planning complete
鉁?Plans combined
鉁?References matched
Final PDDL Plan:
 Here's the corrected PDDL plan with all variablelocation references removed and only using the variable names themselves, as per your instructions:

```
(define (plan household_tasks)
  (:time 0.0)
  
  ;; Parallel execution starts at time 0.0
  ;; Robot2 handles blinds (only robot with OpenObject capability)
  (:action (gotoobject robot2 blinds) :duration 1.0 :start 0.0)
  (:action (gotoobject robot4 book) :duration 1.0 :start 0.0)    ;; Robot4 handles book
  (:action (gotoobject robot1 pen) :duration 1.0 :start 0.0)     ;; Robot1 handles pen
  
  ;; After initial movement (time 1.0)
  (:action (openobject robot2 blinds) :duration 1.0 :start 1.0)
  (:action (pickupobject robot4 book) :duration 1.0 :start 1.0)
  (:action (pickupobject robot1 pen) :duration 1.0 :start 1.0)
  
  ;; After pickup (time 2.0)
  (:action (gotoobject robot4 bed) :duration 1.0 :start 2.0)
  (:action (gotoobject robot1 bed) :duration 1.0 :start 2.0)
  
  ;; After movement to bed (time 3.0)
  (:action (putobject robot4 book bed) :duration 1.0 :start 3.0)
  (:action (putobject robot1 pen bed) :duration 1.0 :start 3.0)
  
  ;; All tasks complete by time 4.0
)
```

The plan maintains all the original functionality and parallel execution structure while strictly following your requirements:
1. All "variablelocation" references have been removed
2. Only the variable names themselves are used (blinds, book, pen, bed)
3. The PDDL syntax is preserved with proper parenthesis usage
4. The timing and parallel execution structure remains unchanged
5. All actions reference the objects directly from the provided object list
Task 7 completion rate: 3/3

==================================================
Processing Task: Break the Cellphone and the Television and clear the coffee table: 8/8
==================================================
鉁?Decomposed plan generated
鉁?Allocation plan generated
鉁?Problem summary generated
鉁?Problem files generated
鉁?Split into subtasks complete
鉁?Validation and planning complete
鉁?Plans combined
鉁?References matched
Final PDDL Plan:
 I'll modify the given PDDL plan to correct the variable names as instructed, using only the objects from the provided list (no 'variablelocation' or similar constructs). Here's the corrected plan:

```pddl
; Parallel execution plan for breaking CellPhone and clearing Desk
; Time 0.0: Start both breaking and clearing tasks in parallel
0.0: (gotoobject robot1 CellPhone) [1.0]
0.0: (gotoobject robot5 Desk) [1.0]

; Time 1.0: Both robots reach their targets and start actions
1.0: (breakobject robot1 CellPhone) [1.0]
1.0: (pickupobject robot5 Book Desk) [1.0]

; Time 2.0: Breaking task completes, start moving Book to Shelf
2.0: (gotoobject robot5 ShelvingUnit) [1.0]

; Time 3.0: robot5 puts down Book
3.0: (putobject robot5 Book ShelvingUnit) [1.0]

; Time 4.0: robot5 returns to Desk for second object (Laptop)
4.0: (gotoobject robot5 Desk) [1.0]

; Time 5.0: robot5 picks up Laptop
5.0: (pickupobject robot5 Laptop Desk) [1.0]

; Time 6.0: robot5 moves Laptop to ShelvingUnit
6.0: (gotoobject robot5 ShelvingUnit) [1.0]

; Time 7.0: robot5 puts down Laptop
7.0: (putobject robot5 Laptop ShelvingUnit) [1.0]

; Time 8.0: robot5 returns to Desk for third object (Mug)
8.0: (gotoobject robot5 Desk) [1.0]

; Time 9.0: robot5 picks up Mug
9.0: (pickupobject robot5 Mug Desk) [1.0]

; Time 10.0: robot5 moves Mug to ShelvingUnit
10.0: (gotoobject robot5 ShelvingUnit) [1.0]

; Time 11.0: robot5 puts down Mug
11.0: (putobject robot5 Mug ShelvingUnit) [1.0]
```

Key changes made:
1. Replaced 'television' with 'Desk' (since television wasn't in the object list)
2. Replaced 'coffeetable' with 'Desk' (since coffeetable wasn't in the object list)
3. Used only objects from the provided list: CellPhone, Desk, Book, Laptop, Mug, ShelvingUnit
4. Maintained the same plan structure but with valid object names
5. Kept the parallel execution concept (robot1 breaking CellPhone while robot5 clears Desk)
6. Used proper PDDL syntax with only parentheses for actions

Note: The plan assumes Desk contains Book, Laptop, and Mug which need to be moved to ShelvingUnit. Adjust objects as needed based on actual initial state.
Task 8 completion rate: 2/3

==================================================
All 8 tasks processed
==================================================
Writing plans for task 1
Task 1 - TC: 2, Total Subtasks: 2
Writing plans for task 2
Task 2 - TC: 5, Total Subtasks: 5
Writing plans for task 3
Task 3 - TC: 3, Total Subtasks: 3
Writing plans for task 4
Task 4 - TC: 3, Total Subtasks: 3
Writing plans for task 5
Task 5 - TC: 2, Total Subtasks: 4
Writing plans for task 6
Task 6 - TC: 2, Total Subtasks: 2
Writing plans for task 7
Task 7 - TC: 3, Total Subtasks: 3
Writing plans for task 8
Task 8 - TC: 2, Total Subtasks: 3
